13012
13014
13010
13018
1301A
13020
1300C
13022
13028
1302E
13032
13034
13036
1303A
13044
1304A
1304C
1304E
13050
13054
1305A
1305C
1305E
13060
13064
1306A
13070
13074
13076
13078
1307C
13086
1308C
13092
13096
13098
1309A
1309E
130A0
130A6
130A8
130AE
13632
1363A
13640
1364A
13652
1365C
1310C
13112
13118
1311C
1311E
13120
13124
13128
1312E
13130
00300
003EA
00618
0061E
003F0
003F6
003FA
003FE
00402
00406
0040E
00416
0041E
00424
0042A
09188
05CCE
05CD2
05CD4
0064A
00650
00654
05CD8
05CDE
05CE4
05CEC
05CF4
05CF6
05CFC
05D02
05D08
05D0A
05D0C
05D0E
05D12
05D16
05D1A
05D1C
05D1E
05D20
05D22
05D24
05D26
05D28
05D2E
05D34
05D3A
05D40
05D44
05D46
05D42
05D48
05D4E
05D54
05D58
05D5A
05D56
05D5C
05D5E
05D60
05D66
05D68
05D6A
05D6C
05D6E
05D70
00656
0065C
05D74
05D78
01578
0157C
01582
05D7C
05D80
0156C
01570
01576
05D84
05D86
05D8A
0918C
09190
00160
19366
19368
1936C
19378
1937E
1939C
193A2
193A6
193AA
193AE
193B2
193B6
193BA
193BC
193BE
193C0
193C4
19380
19386
1938A
1938C
1938E
19390
19394
19396
1939A
09194
0EE3A
0EE42
0919A
0C568
0C56C
0C56E
0C576
0C57C
0C582
0C588
0C58E
0C594
0C59A
0C5A0
0C5A6
0C5AC
0C5BA
0C5BC
0C5AE
0C5B0
0C5B2
0C4CA
0C4CC
0C4D0
0C4D4
0C4D8
0C4DC
0C4DE
0C4E2
0C4E4
0C4E6
0C5B6
0C5B8
0C5BE
0C5C4
0C5C8
091A0
0023C
19F3E
19F42
19F48
19F4E
19F56
19F5C
19F62
19F68
19F6E
19F74
19F7A
19F80
19F86
19F8C
19F8E
19F90
19F94
19F96
19F98
19F9C
19F9E
19FA0
19FA4
19FA6
19FAA
19FAE
19FB2
19FB6
19FBA
19FBE
19FC2
19FC4
19FC6
19FC8
19FCA
19FCC
19FD0
19FD4
19FD6
19FD8
19FDA
19FE0
19FE4
19FE6
19FE8
19FEA
19FEC
19FEE
19FF0
19FF2
19FF4
19FF6
19FF8
19FFA
19FFE
1A002
1A004
1A006
1A00A
1A00C
1A024
1A026
1A028
1A02A
1A02C
1A02E
1A032
1B4BE
1B4C2
1B4C8
1B4CE
1B4D0
1B4D4
1B4D6
1B4DA
1B4DC
1B4E2
1B4E6
1B4E8
1B4EA
19CD0
19CD4
19CD8
19CDA
19CDE
19CE2
1B4F0
1B4F4
1B4F8
1B4FA
19CCC
19CCE
1B500
1B502
1B506
1B508
1B50E
1B510
1B514
1B516
1B518
1B51A
1B51C
1B51E
1B520
1B522
1B524
1B52A
1B52E
1B532
1B536
1A038
1A03A
1A03C
1A03E
1A040
1A00E
1A010
1A012
1A014
1A016
1A018
1A01C
1B11C
1B120
1B126
1B12C
1B134
1B136
1B13C
1B142
1B148
1B14E
1B150
1B152
1B158
1B15A
1B15E
1B162
1B164
1A022
1A042
1A048
1A04C
1A04E
1A054
1A058
091A4
0FBE4
0FBEA
0FBF0
0FBF6
0FBFC
0FC04
091AA
091AE
00620
133B2
133B6
196AC
196AE
196B4
196B6
196BC
196BE
196C4
196C6
196C8
196CA
196CE
196D0
196DC
196DE
196E2
196E4
196E8
196FC
19700
19702
19704
1970A
1970C
1970E
19710
19720
19724
19726
1972C
1972E
19730
19734
19736
19744
19748
1974A
19752
19758
1975A
1975C
19762
19764
19766
19768
1976C
1976E
19772
19778
19782
19784
133BC
133C4
133D2
133D8
133DE
133E6
133EA
00624
091B2
0017E
14578
1457C
14582
14588
1458E
14594
14596
1459A
1459E
145A0
145A2
145A4
145A6
144D0
144D4
144D8
144DC
144E0
144E4
144EA
144EE
144F0
144F6
144FA
144FE
14502
14506
1450A
14510
14514
133C6
133EC
133F2
133F4
00306
00580
00586
0058C
00594
00596
0059C
125DA
125E0
125E4
125E8
125EE
125F2
125F4
1288A
1288E
005A2
01512
01516
01518
0151E
01520
01526
01528
0152A
0152C
0152E
01530
01532
0F13E
0F142
0F148
0F14E
0F150
0F152
0F154
0F15A
0F15E
0F160
0F166
0F168
0F16A
0F1EE
0F1F0
0F1F4
0F1F8
01534
01536
01538
0153A
0153C
01544
01566
0156A
005A8
053F8
053FC
053FE
05400
05406
0540C
05426
05428
0542A
05432
05454
05458
005AE
133F8
13400
13402
14492
14498
1449E
144A4
198C0
198C4
198C8
198CC
198D0
198D4
198D8
198DA
198DE
19A24
19A28
19A2A
19A2E
19A30
19A32
19A34
19A36
19A38
19A3A
19A3C
19A40
19A42
19A46
19A48
19A4C
19A4E
19A52
19A54
19A58
19A5A
19A5C
19A5E
19A62
19A64
19A66
19A68
19A6A
19A6C
19A6E
19A70
19A72
19A74
19A76
19A78
19A7C
19A7E
19A80
19A7A
19A82
19A84
19A86
19A88
19A8A
19A8C
19A8E
19AEC
19AEE
19AF2
198E2
198E6
198EA
198EC
198EE
198F2
198F4
198F8
1997C
19980
19984
19988
1998E
19990
1425C
14260
14264
1426A
14270
14276
1428E
14290
14292
14294
14296
14298
1429A
142A0
142A4
142A6
142A8
142AE
142BA
142BC
142BE
142B0
142B2
142B6
142B8
142C0
142C2
142C4
142C6
143A8
143AA
143AE
19996
19998
1999A
19A1E
19A22
144AA
144AC
133C8
133CA
133D0
133E0
1A14E
1A150
1A156
1A15C
1A15E
1A164
1A184
1A186
1A188
1A100
1A102
1A106
1A108
1A10A
1A10C
1A10E
1A110
1A116
1A11E
1A120
1A126
1A12A
1A12C
1A12E
1A132
1A134
1A140
1A142
1B612
1B616
1B61A
1B61C
1B61E
1B620
1B622
1B624
1B62A
1B62E
1B638
1B63E
1B642
1B644
1B646
1B668
1B66C
1B648
1B64A
1B64C
1B64E
1B650
1B652
1B654
1B65A
1B65E
1B538
1B53C
1B540
1B544
1B54A
1B550
1B556
1B55C
1B55E
1B564
1B566
1B568
1B56A
1B570
1B572
1A5F0
1A5F4
1A5F8
1A5FC
1A602
1A608
1A60E
1A610
1A614
1B054
1B058
1B05A
1B05E
1B062
1B064
1B06A
1B06C
1B578
1B57C
1B57E
1B598
1B59C
1B60C
1B610
1B662
1B664
1B666
1B66E
1B672
1A148
1A14A
1A14C
1A18C
1A18E
1A190
1A192
1A194
1A136
1A138
1B42E
1B432
1B436
1B438
1B43A
1B43C
1B43E
1B440
1B442
1B448
1B450
1B456
1B166
1B16A
1B16E
1B174
1B1CC
1B1D0
1B45A
1B464
1B466
1B468
1B46A
1B46C
1B46E
1B470
1B476
1B47A
1B480
1B484
1B486
1B488
1B48A
1B48C
1B48E
1B490
1B4B4
1B4B6
1B492
1B494
1B496
1B498
1B49A
1B49C
1B49E
1B4A0
1B4A2
1B4A8
1B4AC
1B306
1B30A
1B30E
1B312
1B318
1B31E
1B320
1B326
1B328
1B32A
1B32C
1B332
1B334
1B336
1B338
1B33A
1B33C
1B428
1B42C
1B4B0
1B4B2
1B4B8
1B4BC
1A13E
1A196
1A198
14516
1451C
14522
14536
1453A
14566
1456A
1456C
1456E
14574
14576
145AC
145AE
145B0
145B2
145B4
145B6
145B8
196EA
196EC
196F8
145BE
145C0
145C2
145C6
145E4
145E6
145FA
145FC
145FE
14602
14604
14606
14608
1460A
1460C
1B176
1B178
1B17A
1B182
1B18A
1B192
1B194
1B196
1B1C8
1B1CA
1B198
1B19A
1B19C
1B1C4
1B1C6
1460E
14610
14612
14664
14666
1466C
1466E
14670
14672
14676
14678
1467A
146BC
146BE
146C0
146C2
146C4
146C6
146C8
146CA
146D0
146D2
146D4
146D6
146DA
146DE
146E0
146E2
146E4
146E6
146E8
146EA
146EC
146EE
14722
14DD2
14DD6
14DDA
14DDC
14DDE
14DE2
14DE4
14DE6
14DE8
14DEA
14B2C
14B30
14B34
14B38
14B3C
14B40
14B46
14B48
14B4A
14B4C
14B4E
14B50
14B54
14B56
14B58
14B5A
14B5C
14B5E
14B60
14B62
14B64
14B66
14B6A
14B6C
14B6E
14B70
14B74
14B76
14B78
14B7A
14B80
14B82
14B84
14B88
14DF0
14DF2
14DF6
14E06
14E0A
14E0C
14E0E
19C00
19C04
19C06
19C0A
19C0E
19C12
19C10
19C16
19C1C
19C1E
19C20
14E14
14E16
14E1A
14E1C
14E1E
14E20
14E22
14E24
14E26
14E28
14E2E
14E34
14E36
14E38
14E3C
14E3E
14E42
14E44
14E46
14E48
14E4A
14E4C
14E50
14E52
14E58
14E5A
14728
14E5C
14E60
14E62
14E68
14E6A
14E6E
14E70
14E72
14E78
14E7A
14E7C
14E7E
14E80
14E82
14E84
14E86
14E88
14E8E
14E94
14E96
14E98
14E9A
14E9C
14E9E
14EA0
14EA2
14EA4
14EA6
14EA8
14EAE
14EB4
14EB6
14EB8
14EBC
14EBE
14EC2
14EC4
14EC8
1472E
14734
14738
1473C
14740
14760
14764
14772
14776
1477A
14780
14782
14784
1478C
1478E
14790
14796
1479A
1479C
1479E
147A0
147A2
147A4
147A6
147A8
147AA
147AC
147AE
147B0
147B2
147B4
147B6
147B8
147BA
147BC
147BE
147C0
147C2
147C4
147C6
147CA
147CC
147CE
147D0
147D2
147D4
147D8
147DA
147DC
147DE
147E0
1482A
1482C
147EC
147EE
147F0
14816
14818
1481A
1481C
1481E
14820
14822
14826
14828
147F2
147F4
147F6
147F8
147FA
147FC
147FE
14800
14804
14806
14808
1480A
1480C
1480E
14810
14812
14814
1482E
14830
14832
14834
14836
14838
14854
14856
1485A
1476A
1476C
14770
091B6
001FA
13F40
13F44
13F4A
13F4C
13F4E
13F50
13F56
13F5E
091BA
02248
0224C
02252
02254
0225A
02260
02266
0226C
0226E
02272
02276
0227A
0227E
02282
02284
05E0A
05E0C
05E10
05E16
05E18
05E1C
05E1E
05E20
05E26
05E28
05E2A
05E2C
05E30
05E34
05E36
02288
0228C
0228E
02290
02292
005B4
005B6
005BC
005C0
005C2
005C8
005DE
005E0
005E4
005E6
005E8
005EA
005EE
005F0
005F2
005F6
005F8
005FA
005FE
00600
00602
00604
00606
0060A
0060C
0060E
00610
00612
00614
00616
02296
0229A
0229E
022A2
022A4
022A6
022A8
022AA
022AC
022AE
022B2
005CA
005CE
005D0
005D6
005D8
022B4
022B8
091BE
022BA
022BE
022C0
022C6
022C8
022CA
022D0
022D2
022D4
022D6
022D8
0220C
0220E
02212
02216
0221A
0221C
0221E
02220
02222
02224
02226
02228
0222A
0222C
02230
02232
02238
0223C
05B40
05B44
05B48
05B4C
05B50
05B58
05B60
05B64
05B6A
05B6C
05B6E
05B70
05B76
05B78
05B7A
05B7C
05B7E
05B84
05B86
05B88
05B8C
05B90
05B94
05B98
05B9C
05BA0
05BA4
05BA8
05BAC
05BB0
05BB2
05BB4
05BB8
05BBA
05BBC
05BBE
0F2EE
0F2F2
0F2F8
05BC4
05BC6
05BC8
05BCA
05BCC
05BCE
05BD4
05BD6
05BD8
05BDE
05BE2
05BE4
05BE6
05BE8
05BEA
05BEE
05BF2
05BF4
05BF8
05BFE
05C06
05C0A
05C0C
05C0E
05C10
05C12
05C16
05C1A
05C1E
05C20
05C24
05C26
05C2A
05C2C
05C30
05C34
05C38
05C3A
05C3E
05C40
05C44
05C46
05C48
05C4A
0F306
0F30A
0F30E
0F312
0F314
0F31A
0F31C
0F31E
0F322
0F324
0F326
0F328
0F32A
0F32C
0F330
0F332
0F334
0F336
0F338
0F33A
0F33C
0F340
0F342
0F3B2
0F3B6
0F3BC
0F3BE
0F3C0
0F3C2
0F3C4
0F3C8
0F3F0
0F3F8
0F3FE
0F400
0F922
0F926
0F92C
0F932
0F934
0F406
0F408
0F40A
0F40C
0F412
0F414
0F416
0F418
0F4A8
0F4AC
0F4AE
0F52C
0F52E
0F534
0F536
0F538
0F53A
0F53E
0F4B4
0F4B6
0F4BA
0F4C0
0F4C4
0F4C8
0F348
0F34A
0F34E
0F356
0F35A
0F360
0F362
0F368
0F36C
0F36E
0F370
0F374
0F378
0F37A
0F37E
0F382
0F384
0F38A
0F38C
0F38E
0F394
0F39A
0F3A0
0F3A2
0F3A4
0F3A6
0F3CA
0F3D2
0F3D8
0F3DA
0F3DE
0F3E4
0F3E6
0F3E8
0F3EE
0F4BC
0F4BE
0F3AC
0F3B0
05C50
05C52
05C56
05C58
05C5A
05C5E
02240
02244
02246
022DC
022DE
022E0
022E2
022E6
022EA
022EE
022F0
022F2
022F4
022F6
022F8
0F41C
0F41E
0F420
0F426
0F42A
0F42C
0F430
0F446
0F44C
0F44E
0F450
0F456
0F458
0F45A
0F45E
0F464
0F468
0F46C
0F46E
0F47A
0F47C
0F482
0F432
0F438
0F43C
0F43E
0F440
0F442
0F460
0F462
022FA
022FE
091C2
091C8
091D0
0219A
0219C
021A2
021A6
00184
021AA
021AC
021AE
021B2
021B4
021CC
021CE
021D2
021D8
021DA
021DC
021DE
021E0
021E2
021E8
021F0
021F2
021F4
021F6
021F8
021FA
02200
02208
0220A
091D4
04552
04554
04558
045FA
045FC
04600
04604
0460A
0450C
04510
04514
04516
04518
0451A
0C7BC
0C7C0
0C7C4
0C7C8
0C7CC
0C504
0C508
0C50E
0C514
0C51A
0C51C
0C522
0C524
0C528
0C52A
0C4E8
0C4EC
0C4EE
0C4F4
0C4F8
0C4FA
0C4FC
0C500
0C502
0C52C
0C52E
0C530
0C532
0C536
0C7D0
0C7D2
0C7D6
0C7D8
0C7DE
0C7E0
0C7E8
0C7EA
0C7EC
0C7EE
0C7F0
0C7F2
0C7F4
0C7FA
0C7FC
0C800
0C804
0C80A
0C810
0C818
0C81A
0C820
0C4AE
0C4B0
0C4B4
0C4B8
0C4BA
0C4BC
0C4BE
0C4C2
0C4C6
0C4C8
0C824
0C82A
0C82C
0C830
04520
00512
0051A
00520
125F8
125FC
12600
12606
1260A
1260C
12610
12612
12616
12864
12868
1286A
1286E
12870
12872
12876
12878
1287C
127CA
127CC
127D0
127D4
127D8
127DC
127E2
127E8
127EC
127F0
127F4
127F8
12880
12884
12886
0F16E
0F170
0F176
0F178
0F17A
0F17C
0F17E
0F180
0F182
0F186
0F1E2
0F1E4
0F1E8
0F1EA
0F18A
0F18C
0F18E
0F190
0F194
0F1C8
0F1CE
0F1D4
0F1DC
0F26A
0F26C
0F270
0F272
0F276
0F27A
0F27C
0F280
0F282
0F286
0F28C
0F292
0F294
0F298
0F29C
0F2A0
0F2A4
0F2A6
0F2AA
0F2AE
0F2B0
0F2B6
0F2B8
0F2BE
0F2C4
0F2CA
00522
00528
04524
04528
0452C
0460C
04610
04616
04618
0461C
04622
04624
04628
0462E
04630
0469E
046A2
046A8
046AC
046AE
04634
04638
0463A
0455C
04560
04566
0456A
0456E
04574
04578
0457A
04580
0452E
04532
04536
04538
0453A
0453E
0C7E2
0C7E6
04544
04548
0454C
04550
04582
045CA
045CE
045D4
045D8
045DC
045E2
045E6
045EA
045F0
045F4
045F8
04586
0458A
04590
04592
04596
0459C
0459E
045A2
045A8
045AA
045AE
045B4
045B6
045BA
045C0
045C2
045C6
045C8
091D8
0463C
0463E
04642
04646
0464C
0464E
04652
04658
0465A
0465E
04664
04666
0466A
04670
04672
04676
0467C
0467E
04682
04688
0468A
0468E
04694
04696
0469A
0469C
091DC
04D6C
04D6E
04D70
04D74
04D76
04D7A
04D7E
04D82
04D84
0C5CA
0C5CE
0C5D2
0C5D6
0C5DA
0C5DE
0C5E0
0C5E4
0C5E8
0C5EA
0C5F2
0C5F4
0C5F6
0C5F8
0C5FA
0C5FC
0C5FE
0C600
0C602
0C604
0C606
0C60C
0C60E
0C612
0C616
0C61A
0C61C
0C620
0C622
0C624
0C628
0C62C
0C62E
0C632
0C634
0C636
0C63A
0C63E
0C640
0C644
0C646
0C64A
0C64E
0C650
0C654
0C658
0C65E
0C664
0C66C
0C66E
0C674
0C678
0C67E
0C680
0C682
0C686
04D8A
04D8E
091E0
0E020
0E024
0E02A
0E02C
0E030
0E032
0E034
0E038
0E03A
0E516
0E51A
1483A
1483C
1483E
14840
14846
14848
1484C
1484E
14850
14852
0E51E
0E524
0E526
0E542
0E544
0E03E
0E040
0E042
0E06E
0E070
0E072
00190
14B8A
14B8E
14B92
14B96
14B98
14B9A
14B9C
14B9E
14BA0
14BA2
14BA4
14BAA
14BAC
14BB0
14BB4
14BBE
14BC0
14BC2
14BC4
14BC6
14BC8
14BCA
14BCC
14BCE
14BD0
14BD2
14BD4
14BD6
14BD8
14BDA
14BDC
14BDE
14BE0
14BE6
14BE8
14BEA
14BEC
14BEE
14BF0
14BF2
14BF4
14BF6
14BF8
14BFA
14BFC
14BFE
14C00
14C02
14C04
14C06
14C08
14C0A
14C0C
14C0E
14C12
14C14
14C1A
14C1E
14C20
14C22
14C24
14C26
14C28
14C2E
14C34
14C36
14C3A
0E076
0E078
0E07A
0E07C
0E07E
0E080
0E084
0E086
0E088
0E08A
0E08C
0E092
0E094
0E09A
0E09C
0E0A2
0E0A4
0E0A6
0E0A8
0E0AA
0E0E4
0E0E6
0E0AC
0E0AE
0E0B0
0E0B2
0E0B4
0E0B6
00196
14C3C
14C40
14C44
14C48
14C4C
14C50
14C54
14C56
14C58
14C5A
14C5C
14C5E
14C60
14C66
14C68
14C6C
14C70
14C78
14C7A
14C7E
14C80
14C84
14C86
14C88
14C8A
14C8C
14C8E
14C90
19BD8
19BDC
19BDE
19BE2
19BE4
19BE6
19BEA
19BEC
19BEE
19BF2
19BF0
19BF6
19BFC
19BFE
14C96
14C9A
14C9C
14C9E
14CA0
14CA2
14CA4
14CA6
14CA8
14CAA
14CAC
14CAE
14CB0
14CB2
14CB4
14CB6
14CB8
14CBA
14CBC
14CBE
14CC0
14CC2
14CC4
14CC6
14CCA
14CCC
14CCE
14CD0
14CD2
14CD4
14CD6
14CD8
14CDA
14CDC
14CDE
14CE0
14CE2
14CE4
14CE6
14CE8
14CEA
14CEC
14CEE
14CF0
14CF2
14CF4
14CF6
14CF8
14CFA
14CFC
14CFE
14D00
14D02
14D36
14D3A
14D3C
14D3E
14D44
14D46
0E0BA
0E0BC
0E0BE
0E0C0
0E0C2
0E0C4
0E0C8
0E0CA
0E0CC
0E0CE
0E0D0
0E0D2
0E0D4
0E0D6
0E0DA
0052A
00532
0E0DE
0E0E2
0E0E8
0E0EC
091E6
0EDEA
0EDEC
0EDF2
0EDFA
0EE04
140012
0EE0A
0EE0C
0EE0E
0EE10
0EE16
0EE1E
0EE20
091EC
091F2
00430
00434
0043A
00440
00442
00444
0044A
0044E
00452
00454
00456
0045A
0045C
00460
00462
00466
00468
0046C
0046E
00470
00472
00474
00476
1262A
1262E
12630
12634
12638
1263A
1263E
12642
12644
12646
1264A
1264E
12650
12652
12656
1265A
1265C
12660
00482
00488
0048E
00492
0049C
004A2
004FA
09080
09082
09088
0908A
09090
090BA
090BC
00500
00506
0050C
00510
091F6
014DC
014E0
014E2
014E8
014EE
014F0
014F6
014F8
014FA
014FC
014FE
01504
01506
01508
0150A
01500
01502
015A0
015A4
01592
01596
01598
0159E
015A8
015AC
015B0
015B2
0150C
01510
091FA
09208
0920C
09210
09216
0921E
09224
09228
0922C
0922E
09232
09266
0CFDA
0CFDE
0CFE4
0CFEA
0CFEC
0CFF0
0CFF2
0CFF4
0CFF8
0CFFC
0D000
0D004
0D006
0D00A
0D030
0D032
001A8
155A0
155A4
155A8
155AE
155B4
155BA
155C0
155C6
155C8
155CA
155CC
155D2
155D4
155D6
155E6
155E8
155EA
155EE
155F2
155F4
155FA
155FE
15600
1560C
1560E
15610
15616
15664
15666
1566C
15670
0D036
0D03A
0D490
0D494
0D498
0D49C
0D4A4
0D4AA
0D4B0
0D4B8
0D4BA
0D4BC
0D4BE
0D4C0
0D4C2
0D4C4
0D4CA
0D4CC
0D4CE
0D4D4
0D4D6
0D4DA
0DABC
0DAC0
0DAC4
0DAC6
0DACA
0DACC
0DACE
0DAD2
0DAD4
0D4DE
0D4E4
0D4EC
0D4EE
0D51C
0D51E
0D524
0D52C
0D52E
0D544
0D54A
0D54E
07C04
07C06
07C0A
07C0E
07C10
07C12
07C14
07C16
0EE90
0EE94
0EE98
0EE9C
0EE9E
0EEA4
0EEA6
0EEAC
0EEC4
0EECA
0EECE
0EED2
0EED8
0EEDA
0EEDE
0EEE2
0EEE8
0EEEC
07C1C
07C1E
07C26
07C28
07C2A
07C2C
07C32
0EEAE
0EEB2
0EEBA
0EEC0
07C38
07C3A
07C3C
07C42
07C46
053A6
053AA
053AE
053B0
053B2
053B8
053BA
05056
0505A
0505E
05060
05062
05068
0506C
0506E
05070
05072
05074
05076
05078
0507E
05080
05086
0508C
0508E
05090
05092
05094
05096
05098
0509C
0509E
050A0
050A2
050A4
0F2FA
0F2FE
0F304
050AA
050AC
050B2
050B4
050B6
050B8
050BC
050C0
050C4
053BE
053C0
053C2
053C4
053C6
053CA
053CE
053D0
053D2
053D4
053DA
053DC
053E2
053E6
053E8
053EA
053EC
053EE
053F0
053F2
053F6
07C4A
07C52
07C56
07C5C
07C64
07C6E
07C70
0D554
0D556
0D558
0D55E
0D564
0D568
0D56A
0D570
0D576
0D57E
0D580
0D586
0D58C
0D58E
0D592
0D596
0D598
0D59E
0D5A0
0D5A2
0D61A
0D61C
0D61E
0D626
0D628
0D62A
0D62C
0D62E
0D630
0D634
0D5A4
0D5A8
0D5AC
0D5AE
0D5B0
0D5B4
0D5B6
0D5BA
0D5BC
0D5BE
0D5C0
0D916
0D918
0D91C
0D924
0D926
0D928
0D92C
0D92E
0D930
0D936
0D93A
0D93E
0D940
0D942
0D944
0D94A
0D950
0D952
0D958
0D95C
0D960
0D962
0D964
0D966
0D96A
0D96E
0D970
0D976
0D97C
0D97E
0D98E
0D990
0D996
0EEEE
0EEF2
0EEF4
0EEFA
0EEFC
0EF00
0EF02
0EF06
0EF0C
0EF10
0EF18
0EF1E
0EF22
0EF52
0EF56
0D99C
0D99E
0D9A0
0D5C4
0D5C8
0D5CA
0D5CE
0D5D0
0D5D2
0D5D6
0D5DA
0D5DC
0D5DE
0D5E4
0D5E8
0D5EC
0D5F0
0D5F2
0D5F6
0D5FA
0D5FC
0D5FE
0D604
0D606
0D60C
0D612
0D616
0D638
0D63A
0D640
0D642
0D648
0D64C
0D64E
0D650
0D654
0D656
0D658
0D65A
0D65C
0D65E
0D660
0D662
0D666
0D66A
0D66C
0D66E
0D670
0D672
0D674
01980
01984
01988
0198A
01990
01992
01994
01996
01998
0199A
0199C
019BC
019BE
019D8
019DC
019E0
019E4
019E8
019EC
019C2
019C4
019C8
019CA
019CC
019CE
019D0
019D2
019D6
0D678
0D67A
0D67C
0D680
0D686
0D688
0D68A
0D68C
0D692
0D694
0D03E
0D044
0D048
0D04A
0D45C
0D462
0EFFA
0EFFE
0F000
0F006
0F008
0F00C
0F00E
0F014
0F018
0F01E
0F024
0F01A
0F01C
0F02A
0F02E
0D468
0D46A
0D46C
0D46E
0545A
05460
05462
05468
0546A
0546E
05472
0D472
0D478
0D480
0D482
0DB7E
0DB82
0DB84
0DB88
00206
13F98
13F9E
13FA4
13FAA
13FAE
13FB4
13FB6
13FBC
13FBE
13FC0
13FC2
13FC4
13FC6
13FC8
13FCA
13FCC
0DB8C
0DB8E
0DB90
00212
14044
14048
1404E
14054
1405A
14062
14066
14068
14074
14076
14078
1407A
1407C
1407E
14080
14082
14086
14088
1408A
1408C
1408E
1409C
1409E
140A0
140A2
140A4
140A8
140AE
140B0
140B2
140B4
140B6
140B8
140BA
140BC
140BE
140C0
140C4
140C6
140CC
140CE
140D0
140D4
140D6
140DA
140E6
140E8
140EA
140EC
140EE
140F0
140F2
140F4
140F6
140F8
140FA
140FC
140FE
14102
0DB94
0DB9C
0DBA0
0DBA6
0DBAA
0DBAC
0DBB2
0DBB6
0DBC4
0DBCC
0DBCE
0DBD8
0DBDA
0DBDE
0DBE2
0DBE4
0D488
0D48A
0D48E
0926C
0DE1A
0DE1E
0DE24
0DE26
0DE28
0DE2E
0DE30
0DE34
0DE36
0DE38
0DE3A
0A7E6
0A7E8
0A7EC
0A7F0
0A7F2
0A7F4
0A7F6
0A7F8
0A7FA
0A7FC
0A800
0A802
0A804
0A806
0A808
0A80A
0DE40
0DE44
0DE46
0DEB0
0DEB4
0DEB6
0DEBA
0DEBE
0DEC0
0DEC2
0DEC6
09272
09274
0A7DA
0A7E0
0A7E2
091FC
0EE44
0EE48
0EE4A
0EE50
0EE52
0EE58
0EE5A
0EE80
0EE86
0EE5C
0EE62
0EE6A
0EE6C
0EE70
0EE72
0EE76
0EE7A
0EE7C
05474
0547A
05480
05486
0EE7E
0D7A0
0D7A4
0D7A8
0D7AE
0D7B4
0D7B6
0D7B8
0D84E
0D852
0EE8A
0EE8E
09202
05DEA
09206
0F1D6
0F1FA
0F1FC
0F2CC
0F2D0
0F2D4
0F2DA
0F2DC
0F2DE
0F2E0
0F2E2
0F2E8
0F2EC
0F202
0F204
0F206
0F20A
0F20C
0F212
0F214
0F218
0F21C
0F220
0F222
0F226
0F22A
0F22C
0F232
0F234
0F238
0F23C
0F240
0F242
0F246
0F248
0F24E
0F254
0F25A
0F260
0F268
0540E
05410
05412
05414
05416
05418
0541A
0541C
05420
05424
0F936
0F93A
0F93E
0F946
0F94E
0F954
0F956
0F95A
0F95C
0F960
0F966
0F968
0F96A
0F970
0F974
0F976
0F978
0F97C
0F97E
0F982
0F984
0F98C
0F98E
0F996
0F99A
0F99E
0F9A0
0F9A4
0F9A6
0F9A8
0F9AE
0F9E6
0F9EA
0FA1E
0FA22
0FA24
0FA26
0FA28
0FA2A
0FA2C
0FA2E
0FA30
0FA34
0FA36
0FA38
0FA3A
0FA3C
0FA3E
0FA40
0FA44
0FA48
0FA4C
0FA50
0FA52
0FA54
0FA58
0FA5C
0FA5E
0F540
0F544
0F54A
0F54C
0F54E
0F550
0F552
0F554
0F556
0F558
0F55C
0F580
0F584
0F588
0F59C
0F5A2
0F5A4
0F5A6
0F5AA
0F5AC
0F5B6
0F5BA
0F5C0
0F5C4
0F5DC
0F5E4
0F5EA
0F5F0
0F5F4
0FA64
0FA66
0FA68
0FA6E
0FA72
0FA74
0FA76
0FA78
0FA7C
0FA7E
0FA80
0FA84
0F5F6
0F5F8
0F5FC
0F5FE
0F604
0F608
0F60A
0F60C
0F60E
0F614
0F616
0F618
0F61C
0F61E
0F620
0F622
0F626
0F58A
0F590
0F594
0F596
0F598
0F59A
0F5AE
0F5B4
0F5C6
0F5CE
0F5D4
0F5DA
0F62C
0F62E
0FA8A
0FA8E
0FB44
0FB46
0FB4A
0FA90
0FA94
0FA98
0FA9A
0FA9E
0FAA2
0FAA4
0FAAA
0FAAE
0FAB0
0FAB2
0FAB6
0F986
0F98A
0FB4E
0FB52
0FB54
0FB56
0FB5A
0FB5E
0FB62
0FB68
0FB6A
0FB70
0FB72
0D04E
0D054
0D05A
0D05C
0D05E
0DBDC
0F630
0F634
0F638
0F640
0F648
0F64C
0F64E
0F650
0F656
0F658
0F65A
0F65E
0F660
0F664
0F666
0F66C
0F670
0F672
0F674
0F678
0F67A
0F67E
0F680
0F682
0F686
0F688
0F690
0F692
0F696
0F6AC
0F6B0
0F6B2
0F6B4
0F6B6
0F6BA
0F6D0
0F6D4
0F6D6
0F6D8
0F6DA
0F92E
0F6E0
0F6E2
0F6E4
0F6EA
0F6EC
0F6EE
0F6F0
0F6F2
0F6BC
0F6C2
0F6C6
0F6C8
0F6CA
0F6CC
0F698
0F69E
0F6A2
0F6A4
0F6A6
0F6A8
0F77E
0F782
0F784
0F788
0F78C
0F792
0F794
0F79A
0F79C
0F79E
0F7A2
0F7A6
0F7AE
0F7B4
0F7B8
0F7BA
0F7BC
0F7C2
0F7C4
0F7C8
0F7CA
0F7CC
0F7D0
0F7D2
0F7D8
0F7DC
0F7DE
0F7E2
0F7E4
0F7E8
0F7EA
0F7F0
0F7F4
0F7F6
0F7F8
0F7FC
0F7FE
0F800
0F804
0F808
0F80A
0F80C
0F81A
0F81C
0F820
0F822
0F828
0F82C
0F82E
0F830
0F832
0F836
0F83A
0F83C
0F83E
0F840
0F84E
0F852
0F854
0F85A
0F85C
0F85E
0F864
0F866
0F868
0F86A
0F842
0F846
0F848
0F84A
0F80E
0F812
0F814
0F816
0F902
0F906
0F908
0F90C
0F910
0F916
0F918
0F91E
0F920
0FADE
0FAE6
0FAEA
0FAF0
0FAF6
0FAFA
0FAFC
0FAFE
0FB02
0FB06
0FB0C
0FB0E
0FB10
0FB14
0FB16
0FB1C
0FB22
0FB28
0FB2A
0FB2C
0FB32
0FB36
0FB3A
0FB3C
0FB40
00DDA
00DDE
00DE2
00DE8
00DEA
00DEC
00DEE
00DF0
00DF2
00DF6
00DF8
00DFA
00E4E
00E52
00E56
00E5A
00E5E
00E62
00E6A
00E6C
01222
01228
0122A
00DFE
00E00
00E08
00E0C
00E2E
00E32
00E48
00E4C
0D47A
0D47E
0F6F6
0F6FA
0F6FC
0F6FE
0F704
0F708
0F70A
0F70C
0F712
0F714
0F716
0F718
0F71A
0F71E
0F722
0F72E
0F730
0F732
0F734
0F738
0F73A
0F73E
0F740
0F742
0F746
0F748
0F74C
0F74E
0F754
0F758
0F75A
0F75C
0F75E
0F774
0F778
0F77A
0F76E
0F772
0F700
0F70E
0F760
0F764
0F766
0F768
0F76C
0F86E
0F870
0F872
0F876
0F878
0F87A
0F87C
0F87E
0F880
0F884
0F886
0F88A
0F88C
0F892
0F896
0F898
0F89A
0F89C
0F8A0
0F8A2
0F8B8
0F8BA
0F8BE
0F8C0
0F8C2
0F8C6
0F8C8
0F8CC
0F8DA
0F8DE
0F8E0
0F8E4
0F8E8
0F8F0
0F8F4
0F8F6
0F8F8
0F8FE
0F8CE
0F8D0
0F8D2
0F8D8
0F8A4
0F8A8
0F8AA
0F8AC
0F8B0
0F8EA
0F8FA
0D9A2
0D9A4
0D9A8
0D9AE
0D9B4
0D9B6
0D9B8
0D9F2
0D9F4
00E70
00E74
00E76
00E7A
00E7C
00E7E
01214
01218
0121A
0121E
00E82
00E86
00E8A
11BD8
11BDA
11BDE
11BE0
11BE4
11BEA
00E90
00E94
00E98
11BEC
11BEE
11BF2
11BF4
11BF6
11BFA
11BFC
11C02
00E9E
00EA2
00EA6
00EA8
00EAA
00EAC
00EAE
00EB0
00EB2
00EB4
00EB6
00EB8
00EBC
00EBE
00EC0
00EC2
00EC4
00ECA
00ECE
00ED0
00ED4
00ED8
00EDA
00EDC
00EDE
00EE0
00EE4
00EE6
00EEA
00EEC
00EF0
00EF6
00EF8
01204
01208
0120A
0120C
00EFC
00F00
00F18
00F1C
04332
04336
0433C
04340
04342
04346
0435A
0435E
04360
04364
04366
04368
0436A
04370
043B8
043BC
043BE
043C0
0434A
0434C
0434E
11EF2
11EF6
11EFC
11F08
11F0A
11F0E
11F10
11F14
11F18
11F1A
11F1C
11F2A
11F2C
11F2E
11FD8
11FDA
11FDC
11FE0
11FE2
11FE4
11FF0
11FF4
11FE8
11FEE
11F32
11F34
11F36
11F38
11F3A
11F3C
11F52
11F54
11F56
11F58
11F5A
11F5C
11F68
11F6E
11F72
11F74
11F76
11F7A
11F80
11F82
11F86
11F88
11F8A
11FA4
11FA8
11FAA
11F1E
11F22
11F24
11F28
04354
04358
00F20
01130
01132
011EA
011EE
011F0
011F4
011F6
011F8
011FA
011FE
01200
11F60
11F66
11F6C
11F8C
11F8E
11F90
11F92
11F96
11F9C
11F9E
11FA2
11FAC
11FAE
11FB0
11FB2
11FB4
11FB6
11FC2
11FC4
11FC8
11FCE
11FD0
11FD4
01210
0EE64
0EE68
00F02
00F08
00F0A
00F0E
04372
04378
0438C
04390
04392
04396
04398
0439A
0439C
0439E
043A4
00F10
00F16
00F24
00F28
00F2C
00F30
00F34
00F36
00F38
00F3A
00F3E
011A0
011A2
0106C
01070
011C6
011CA
011CC
011D0
011D2
011D4
011D8
11EFE
11F02
011DA
011DE
011E0
011E2
011E6
043A6
043AA
043AC
043AE
043B0
043B2
00F42
00F46
00F4A
00F4C
00F50
00FB4
00FB6
00FBA
00FBE
00FC0
00FC2
00FC4
00FC6
00FCC
00FD2
00FD6
00FDA
00FDC
00FE0
00FE2
00FE4
00FE8
00FEA
00FEE
00FF2
0103E
01040
01044
01046
0104A
0104E
0255C
02560
02564
02566
0256A
0256C
02570
02572
02576
02578
0257A
0257E
02582
02584
02586
0258A
0258C
0258E
02590
02594
02596
02598
0259A
0259C
0259E
025A0
025A2
025A4
025A6
025A8
025AA
025AC
025AE
025B4
025B8
025BA
025BC
025C0
01052
01054
01056
0105A
11F3E
11F40
11F4C
11F50
11F44
11F4A
0105C
01060
0257C
02588
0F55E
0F560
0F562
0F568
0F56C
0F56E
0F570
0F574
02592
11FBA
11FC0
0F484
0F486
0F488
0F48C
0F48E
0F490
0F492
0F494
0F470
0F472
0F474
0F478
0F576
0F578
0F57E
0437A
0437E
04380
04382
04384
0438A
00E34
00E36
00E38
00E3A
00E40
0EF12
0EF16
0EF24
0EF26
0EF2C
0EF2E
0EF30
0EF32
0EF34
0EF36
0EF3A
0EF3E
0EF42
0EF44
0EF4A
0EF4C
00E46
05482
05488
0548E
05490
050C6
050CA
050CE
050D0
050EC
050EE
050F0
050F6
050FA
050FC
050FE
05100
05102
05104
05106
05C60
05C62
05C66
05C6A
05C70
05C72
05C78
05C7C
05C7E
0510A
0510C
0510E
05112
05114
05116
0511C
05122
05124
05128
05494
05496
0549C
054A2
054A6
0F028
0D7BC
0D7C0
0D7C4
0D7CA
0D7CE
0D7D0
0D7D4
0D7D6
0D7D8
0D7DC
0D7DE
0D7E2
0D7E4
0D7E6
0D7E8
0D81A
0D81C
0D81E
0D822
0D824
0D830
0D832
0D834
0D838
0D83A
0D846
00778
0077C
00780
00786
00788
0078C
00790
00792
00794
0079A
007A0
007A2
007A6
007A8
007AC
007AE
007B2
007BE
007C0
007DC
007E0
007EC
007EE
0080A
0080C
00810
00812
00816
00818
0081C
00824
0082A
00832
00836
0083E
00844
0084C
00850
00856
00858
0085A
0085E
00862
00866
0086A
0086E
00870
00872
00874
008AA
008B0
008B2
0D84A
05192
05196
0519C
051A2
051A4
051A8
051AC
051B6
051B8
051BC
051BE
051C2
051DE
051E0
051E4
051E6
051E8
051EA
051EC
051F2
051F6
051F8
051FA
051FC
051FE
05202
05204
05206
05208
0520C
05210
05212
05214
05216
05218
0521C
0521E
05220
05222
05228
0522C
0D062
0D068
0D0B8
0CA52
0CA56
0CA5E
0CA64
0CA6A
0CA78
0CA7A
0CA6C
0CA6E
0CA70
0C538
0C53C
0C540
0C546
0C548
0C54C
0C54E
0C550
0C552
0C554
0C55A
0C55E
0C562
0C566
0CA74
0CA76
0CA7C
0CA82
0CA86
0D0BE
04DD2
04DD6
04DD8
04DDA
04DDC
04DDE
04DE4
04DE6
04DEC
04DEE
04DF2
04E0C
04E0E
04E10
04E12
04E14
04E16
04E18
04DF4
04DF6
04DF8
04DFA
04DFC
04DFE
04E00
04E02
0C832
0C836
0C83A
0C83E
0C842
0C846
0C848
0C84C
0C850
0C852
0C876
0C878
0C87A
0C87E
0C882
0C884
0C886
0C888
0C88A
0C88C
0C88E
0C890
0C892
0C898
0C89A
0C89E
0C8A4
0C8A8
0C8AE
0C8B4
0C8BA
0C8C2
0C8C4
0C8CA
0C8CE
0C8D4
0C8D6
0C8D8
0C8DC
04E08
04E1A
04E1E
0D0C2
0D0C6
0D0CC
0DC3A
0DC3E
0DC42
0DC46
0DC48
0DC4A
0DC4C
0DC4E
0DC50
0DC52
0DC54
0DC56
0DC58
0DC5E
0DC60
0DC64
0DC68
0DC6C
0DC6E
0DC74
035EE
035F2
035F6
035FA
035FE
03600
03604
03606
0360A
0360C
0360E
03610
03612
03614
03616
0361C
0357A
0357E
03582
03586
0358A
03590
03594
03596
03598
0359C
0359E
035A0
035A2
035A8
035AC
035AE
035E0
035E2
035B0
035B2
035D8
035DA
035B4
035B8
035BA
035BE
035C0
035C2
035C4
035C8
035CA
035CE
11EDA
11EDE
11EE4
035D0
035D2
035D6
035DC
035DE
12664
12666
1266A
1266C
12670
12672
12676
12678
1267C
1267E
12682
12684
12688
1268A
1268E
12692
035E4
035EA
035EC
03620
03624
03628
0DC78
0DC7A
0DC7C
0DC7E
0DC80
0DC82
0DC84
0DC86
0DC88
0DC8A
0DC90
0DC92
0DC94
0DC10
0DC14
0DC16
0DC1E
0DC20
0DC26
0DC2A
0DC2C
0DC2E
0DC30
0DC32
0020C
1418A
1418C
14190
14196
1419C
141A0
141A2
141A4
141A6
141AC
141AE
141B4
141B6
141B8
141BA
141BC
141C0
141C2
0DC36
0DC38
0DC98
0DC9A
0DC9E
0DCB6
0DCBA
0DCBE
0DCC2
0DCC4
0DCCA
0DCCE
0DCD2
0DCD6
0DCDA
0DCDC
0DCE0
0DDEA
0DDEE
0DDF0
0DDF4
0DDF6
0DDF8
0DDFA
0DDFC
0DDFE
0DE00
0DE02
0DE04
0DE06
0DE08
0024E
18B26
18B2A
18B2E
18B32
18B36
18B3A
19614
19616
1961A
1961E
19620
19622
19624
19626
19628
1962C
1962E
19632
19636
1963C
1964C
19650
1965C
19660
19662
19666
19668
1966C
1966E
196A8
196AA
18B3E
18B40
18B44
18B48
18B4C
18B50
18B54
18A5E
18A62
18A66
18A6A
18A6C
18A6E
18A70
18A72
18A76
18A78
18A7A
18A7C
18A82
18A84
18A88
18A90
18A92
18A94
18A96
18A98
18A9A
18A9C
18A9E
18AA0
18AA2
18AA6
18AAA
18AAC
18AB0
18ADA
18ADC
18ADE
18B92
18B96
18B98
18B9E
18BA0
18BA2
18BA6
18BAA
18BAC
18BAE
18BB0
18BB2
18BB6
18BC2
18BC4
18BCC
18BD0
18C0C
18C0E
18C10
18C12
18C16
18C20
18C24
18C2E
18C30
18BEC
18BEE
18BF0
18BF2
18BF4
1E6DC
1E6E0
1E6E4
1E6E6
1E6EC
1E6F2
1E6F8
1E6FE
1E700
1E704
1E706
1E70A
1E70E
1E710
1E712
1E720
1E722
1E724
1E728
1E72A
1E72C
1E72E
1E730
1E732
1E734
1E738
1E73A
1E73E
1E748
1E74A
1E756
1E75A
1E7E4
1E7E6
1E7E8
1E7EC
1E7EE
1E7F0
1E7FC
1E800
1E74E
1E754
1E75C
1E75E
1E760
1E762
1E764
1E766
1E772
1E778
1E77C
1E77E
1E780
1E78C
1E790
1E792
1E794
1E7B0
1E7B4
1E7B6
1E714
1E718
1E71A
1E71E
18BFA
18C00
18C04
18C06
18C32
18C34
18C36
18C3A
18AE2
18AE4
18AE6
18AEC
18AEE
18AF8
18AFC
18B58
18B5A
0DE0C
0DE10
0DE16
0DE18
0D0D2
0DAD6
0DADA
0DADE
0DAE2
0DAE8
0DAEA
0DAEC
0DAF2
0DAF4
0DAFA
0DAFE
0DB02
0D0D6
0A80C
0A810
0A816
0EAC8
0EAD0
0EAD2
0EAD8
0EAE6
0EAEC
0A81C
0A822
0A824
0A828
0A82C
0A82E
0A832
0A836
0A838
0A83E
0A840
0A842
0A844
0A848
0A84E
0A850
0A854
0A858
0A85C
0A862
0A868
0A86A
0A870
0A876
0A87C
0A882
0A884
0A886
0A88A
0A88C
0A88E
0A892
0A894
0A898
0A89C
0A8BA
0A8BC
0A8C0
0A8C6
0A8C8
0A8CA
0A8CC
0A8CE
0A8D2
0A8D4
0A8DC
0A8DE
0A8E6
0A8FA
0A900
0A904
0AB58
0AB5C
0AB62
0AB6A
0AB6C
0AB6E
0AB74
0AB78
0AB7E
0AB80
0AB82
0AB84
0AB86
0AB8C
0AB8E
0AB92
0AB94
0AB98
0ABA0
0ABA6
0ABAC
0ABAE
0ABB4
0ABBA
0ABC0
0ABC6
0ABCC
0ABCE
0ABD0
0ABD2
0ABD4
0ABD8
0ABDA
0ABDC
0ABDE
0ABE0
0ABE2
0ABE4
0ABE6
0ABE8
0ABEA
0ABEE
0ABF0
0ABF8
0ABFA
0ABFC
0AC02
0AC04
0AC08
0AC0A
0AC0E
0AC10
0AC16
0AC1A
0A908
0A90C
0D0DC
0D0E4
04880
0488A
04894
0489E
048A8
048AE
048B2
048B6
048BA
048C2
048C6
048CC
048D2
048D8
048DA
048E0
048E2
048E8
048EA
048EC
048EE
048F0
048F2
048F4
048FA
048FC
04900
04902
04904
04906
04908
0490A
0490E
04910
04912
04918
0491A
0491E
04920
04922
04924
04926
04928
0492A
04930
04932
04934
04936
04938
0493A
0493C
04942
04944
04948
0494A
0494C
0494E
04950
04952
04956
04958
0495A
04960
04962
04966
04968
0496A
0496C
0496E
04970
04972
04978
0497A
0497C
0497E
04980
04982
04984
0498A
0498C
04990
04992
04994
04996
04998
0499A
0499E
049A0
049A2
049A8
049AA
049AE
049B0
049B2
049B4
049B6
049B8
049BA
049C0
049C2
049C4
049C6
049C8
049CA
049CE
049D0
049D2
049D6
04A64
04A68
048AC
0D0E8
0A90E
0A912
0A918
0A91E
0A926
0A92E
0A976
0A978
0AC4C
0AC50
0AC56
0AC5C
0AC5E
0AC64
0AC6A
0AC6C
0AC70
0AC72
0AC76
0AC7A
0AC82
0AC88
0AC8C
0AC8E
0AC94
0AC96
0AC9C
0ACA2
0ACA4
0ACA8
0ACAA
0ACAE
0ACB0
0ACB2
0ACB4
0ACB6
0ACB8
0ACBA
0ACBC
0ACE0
0ACE4
0ACE8
0ACEA
0ACEC
0ACEE
0ACF2
0ACF8
0AD3A
0AD3C
0ACFA
0ACFC
0ACFE
0AD00
11E58
11E5C
11E62
11E64
11E68
11E6C
11E6E
11E70
11E72
11E74
11E76
11E78
11E7A
11E7C
0AD06
0AD08
0AD0A
0AD0C
0AD0E
0AD10
0AD12
0AD14
0AD16
0AD18
0AD1E
0AD22
0AD28
0AD2C
0AD2E
0AD3E
0AD44
0AD46
0AD4C
0AD54
0AD58
0A97C
0A97E
0A984
0A986
0A988
0A98A
0A98C
0A98E
0A990
0A992
0A994
0EEB4
0EEB8
0A996
0A998
0A99E
0A9A0
0A9A2
0A9A8
0A9AA
0A9AC
0A9B2
0A9B4
0A9B8
0A9BC
0D0EE
0D0F6
0D1EC
0D1EE
0D06A
0D070
0D076
0D078
0D07A
0F9B2
0F9B6
0F9BA
0F9BE
0F9C0
0F9C6
0F9CA
0F9CE
0F9D0
0F9D4
0F9DA
0F9DE
0F9E2
0BFEA
0BFEE
0BFF2
0BFF8
0BFFE
0C000
0C004
0C00A
0C00C
0C00E
0C016
0C018
0C01C
0C01E
0C020
0C022
0C026
0C02A
0C146
0C14C
0C14E
007B4
007B8
007BC
007CA
007CE
007D4
007D8
007DA
007E2
007E6
007EA
007F8
007FC
00802
00806
00808
00876
00878
0087C
00880
00882
00884
00888
0088C
0088E
00890
00894
00898
0089A
0089C
0089E
008A2
0BD84
0BD88
0BD8C
0BD92
0BD96
0BD9C
0BD9E
0BDA0
0BDA2
0BDAA
0BDB0
0BDB4
0BDB6
0BDBA
0BEF6
0BEFC
0BEFE
0D83C
0D83E
0D9BA
0D9BE
0D9C2
0D9C4
0D9C8
05AFC
05B00
05B02
05B04
05B06
05B12
05B14
0D9CC
0D9CE
0D9D4
0D9D8
0D9DC
0D9E0
0D9E2
0D9E4
0D9EA
0D9F0
0D7EA
0D7EC
0D7EE
0D7F2
0D7F6
0D7F8
0D7FA
0D800
0D806
0D808
0D80E
0D814
0D818
0D07E
0D084
0D08A
0D08C
0D08E
0BF00
0BF04
0BF08
0BF0E
0BF24
0BF2A
0BF2E
0BF34
0BF36
0BF38
0BF40
0BF46
0BF4A
0BF4C
0BFE0
0BFE6
0BFE8
0D854
0D858
0D85C
0D860
0D866
0D868
0D86C
0D874
0D876
00686
0068A
00690
00692
00696
00698
0069A
0069C
0069E
006A0
006A4
008B4
008B8
008BC
008C0
008C4
008C6
008CA
008CC
008D0
008D4
008DA
008DC
008E2
008E4
008E8
008EE
008F4
008FA
00900
00902
00906
00908
0090A
0090C
0090E
00914
0091A
00920
00924
00926
00928
0092A
0092C
0092E
00932
00934
00938
0093A
00940
00942
00944
00948
0094A
0094C
00952
00954
00956
00958
0095A
0095E
00960
00962
00966
00974
00976
0097A
0097C
0097E
00980
00986
00988
00990
00992
00994
009B4
009B6
009B8
009BC
009E6
009E8
009EA
009EC
009F0
009F2
009F4
009F6
009F8
009FC
009FE
00A00
00A02
00A06
00A0A
00A0E
00A12
00A14
00A16
00A1C
00A1E
006A8
006AA
006AE
006B2
006B8
006BA
006BC
05E02
05E06
006C0
006C2
006C4
0DB72
0DB76
006CA
006CC
006CE
006DA
006DE
006E0
006E2
006E6
00996
00998
0099C
009A0
009A2
009A6
009A8
009AA
009AC
02338
0233C
02340
02344
02348
0234C
02350
02354
02356
0235A
0235E
02362
02368
0236C
0236E
02370
02372
02378
0237A
0237E
02380
02382
02384
02388
0238A
0238C
0238E
02392
02394
025C2
025C6
025CA
025CE
025D2
025D4
025D6
025D8
025DA
025DC
025E0
025E2
025E4
025EA
025EE
025F2
02396
0239A
023C2
023C4
023C6
023C8
023CA
023CC
02400
02402
02404
02406
02408
0240A
0243E
02440
02442
02444
02446
0247E
02480
02482
02484
02486
02488
0248C
02492
02494
024A8
024AA
024AC
024AE
024B0
024B2
024B4
024B6
024B8
024BA
024BE
024C4
024C6
009B0
023CE
023D2
023D4
023D6
023EA
023EC
023EE
023F0
023F2
023F4
023F6
023F8
023FA
023FC
0240C
02410
02412
02414
02428
0242A
0242C
0242E
02430
02432
02434
02436
02438
0243A
006EA
006EC
006F0
006F6
006F8
006FA
00A20
00A24
00A28
00A2C
00A34
00A36
00A38
00A3A
00A3C
00A3E
00A42
00A46
00A48
00A4A
00A4C
00A50
00A52
00A56
00A5C
00A5E
00A62
00A66
00A6A
00A70
00A76
00A7A
00A7E
00A82
00A86
00A88
00A8E
00A92
00A94
00A98
00A9A
00A9C
00A9E
00AA0
00AA2
00AA4
00AA6
00AAA
00AAC
00B5C
00B5E
00B60
00B62
00B66
00AB0
00AB2
00AB6
00AB8
00AD2
00AD4
00AD6
00AD8
00ADC
00ADE
00AE0
00AE2
00AE4
00AE8
00AEA
00AEC
00AEE
00AF4
00AF6
00AF8
00AFA
00AFC
00AFE
00B02
00BC2
00BC6
00BCA
00BCE
00BD2
00BD4
00BD6
00BD8
00BDE
00BE2
00BE4
00BEA
00BEE
00BF0
00BF2
00BF4
00BFA
00BFC
00C00
00C04
00C08
00C0A
00C10
00C14
00C18
00C1A
00C1E
00C22
00C26
00C2C
00C32
00C34
00C36
00C38
00C3A
00C3C
00C3E
00C5A
00C5C
00C5E
00C60
00C62
00C80
00C82
00C84
00C64
00C66
00C68
00C6A
00C6E
00C70
00C72
00C74
00C78
00C7A
00C7E
00C40
00C42
00C46
00C48
00C4A
00C4C
00C50
00C52
00C54
00C58
00C86
00C8A
00C8C
00C8E
00C90
00C96
00C98
00C9A
00C9E
00CA0
00CA2
00CA8
00CAA
00B06
00B08
00B0A
00B6A
00B6C
00B6E
00B72
00B90
00B92
00B94
00B96
00B9A
00B9E
00BA0
00BA4
00BA6
00BAA
00BAE
00ABA
00ABC
00ABE
00AC0
00AC2
00AC4
00AC6
00AC8
00ACA
00ACC
00ACE
00B0C
00B4E
00B50
05E38
05E3C
05E3E
05E42
05E48
05E4E
05E50
05E52
05E56
05E5A
05E5E
05E60
05E68
0663C
06642
06644
06646
05E6C
05E6E
05E72
05E74
05E76
05E78
05E80
05E84
05E8A
05E8C
05E92
05E98
05E9A
05E9E
05EA0
00B54
00B56
00B5A
00BB2
00BB4
00BB8
00BBE
00BC0
006FE
00700
00704
00706
0070A
00710
090E6
090EA
090F0
090FC
00716
00718
0071A
0071E
00724
00726
00728
0072C
0072E
00732
00734
00736
0073C
00742
00744
00772
00776
0D87A
0D87C
0D882
0D888
0D88A
0D8AC
051AE
051B4
0D8B0
0D8B2
0D8B4
0D8BA
0D8BE
0D8C2
0D8C6
0D8C8
0D8CA
0D8CE
0D8D0
0D8D4
0D8D8
0D8DA
0D8DC
0D8DE
0D8E4
0D8EA
0D8EC
0D8F2
0D8F8
0D8FC
0D8FE
0D904
0D90A
0D90C
0D912
0D914
05EA2
05EA6
05EAA
05EAE
05EB0
05EB4
05EBA
05EBE
05EC6
0661A
0661E
06624
0662A
0662C
0662E
06630
06632
06634
06636
0663A
05ECA
05ECC
05ED0
05ED2
05ED4
05EDA
05F0C
05F10
05F16
05F18
05F1A
05F1C
05F1E
05F20
05F26
05F28
05F2A
05F2C
05F2E
05F32
05FA6
05FAA
05FAE
05FB2
05FBA
05FBC
05FC0
05FC2
05FC4
05FCA
05FCE
05FD0
05FD4
05FD6
05FD8
05FDE
05FE4
05FE8
05FEE
05FF0
05FF4
05FFA
05FFE
06004
06008
0600A
0600E
06012
06014
06018
0601A
0601E
06024
06026
0602C
0602E
06030
06036
0603C
0603E
06040
06042
06046
0604A
0604C
0604E
06050
06052
06054
06056
0605E
06060
06062
06232
06234
06236
0623A
0623C
0623E
06240
06244
06246
0624A
11FF8
11FFC
12000
12004
12006
12008
1200A
1200E
12010
12012
12016
1201A
1201C
12020
12024
06250
06252
0625A
0625E
06260
06264
06268
0626A
0626C
06270
06272
06276
06278
0627C
06282
06284
1204C
12050
12054
12058
12066
12068
1206A
1206E
12070
12072
12076
1205A
1205E
12060
12064
0628A
0628E
06292
06294
06296
06298
0629C
062A2
062A4
05F36
05F38
05F3C
05F3E
05F40
05F42
05F46
062A6
062AA
062AE
062B2
062BA
062BC
062C0
062C2
062C4
062CA
062CE
062D0
062D4
062D8
062DC
062E2
062E4
062E8
062EE
062F2
062F4
062F6
062FC
06302
06304
06306
06308
0630C
06312
06316
06318
0631C
06320
06322
06326
06328
0632C
06332
06334
0633A
0633C
0633E
06344
0634A
0634C
0634E
06352
06356
06358
0635A
0635C
0635E
06360
06362
0636A
0636C
0636E
0653E
06540
06542
06546
06548
0654A
0654C
06550
06552
06556
0655C
0655E
06566
0656A
0656C
06570
06574
06576
06578
0657C
0657E
06582
06584
06588
0658E
06592
06596
06598
0659A
0659C
065A0
065A6
065A8
05F4A
05F4C
05F50
05F52
05F54
05F58
05F5C
05F5E
05F60
05F62
05F64
05F66
05F6A
05F6E
065AA
065AE
065B2
065B6
065BC
065C0
065C6
065C8
065CC
065D2
065D4
065D6
065D8
065DC
065E0
065E2
065EE
065F0
065E4
065E6
065EA
065EC
06610
06616
06618
05F72
05F76
05F7A
05F7C
05F7E
05F80
05F82
05F84
05F88
05F8C
065F2
065F6
065F8
065FC
065FE
06600
06602
06606
06608
0660A
0660C
0660E
05F90
05F94
05F9C
05FA2
05FA4
05EDC
05EE0
05EE2
05EE6
05EE8
05EEE
05EF4
05EF8
05EFA
0AD5A
0AD5E
0AD62
0AD66
0AD68
0AD6C
0AD6E
0AD70
0AD72
0AD74
0AD7E
0AD84
0AD86
0AD8C
0AD8E
0AD92
0AD94
0AD96
0AD98
0AD9A
0AD9C
0AD9E
0ADA4
0ADAA
0ADAC
0AEB8
0AEBE
0AEC0
0ADB0
0AEF2
0AEF6
0AEFA
0AF00
0AF06
0AF0A
0AF10
0AF12
0AF16
0AF18
0AF1C
0AF22
0AF26
0AF28
0AF2A
0AF2C
0AF38
0AF3A
0AF2E
0AF30
0AF32
0AF36
0AF3C
0AF3E
0B330
0B334
0B33A
0B33C
0B33E
0B342
0B344
0B346
0B34A
0B356
0B35A
0B35C
0B360
0B36C
0B36E
0B372
0B374
0B376
0B37A
0B37C
0B37E
0B380
0B384
0B386
0B38A
0B390
0B394
0B396
0B39A
0B39C
0B3A0
0B3A6
0B3AA
0B3AC
0B3AE
0B3B2
0AF42
0AF44
0AF46
0AF48
0AF4C
0AF4E
0AF50
0AF5C
0AF5E
0AF62
0AF64
0AF66
0AF68
0AF6E
0AF70
0ADB4
0ADB6
0ADBA
0ADBC
0ADBE
0ADC2
0ADC6
0B2B0
0B2B6
0B2B8
0B2BC
0B2C8
0B2CA
0ADCA
0ADCC
0ADCE
0ADD2
0ADD6
0ADDC
06BC0
06BC4
06BC8
06BCA
06BD0
06BD2
06BD6
06BDA
06BF6
06BFA
06BDC
06BDE
06BE0
06BE4
06BE8
06BEC
06BF0
06BFC
06C00
06C02
06C04
06C06
06C0C
06C12
06C18
06C1A
06C1E
0ADE0
0ADE2
0ADE4
0ADE6
0ADEA
0ADF2
0ADF4
0ADFA
0ADFE
0AE20
0AE24
0AE26
0AE28
0AE2C
0AE2E
0AE30
0AE34
0AE36
0AE38
0AE3A
0AE3C
0AE3E
0AE40
0AE44
0AE46
0AE48
0AE4C
0AE4E
0AE50
0AE52
0AE54
0AE56
11CF8
11CFC
11D00
11D04
11D06
11D08
11D0A
11D0C
11D0E
11D10
11D14
11D16
11D18
11D1A
11D1C
11D1E
11D20
11D22
11D24
11D26
11D28
11D42
11D44
11D46
11D48
11D4A
11D4C
11D56
11D5A
0AE5C
0AE60
0AE66
0AE68
0AE6C
0AE70
0AE74
0AE76
0AE7A
0AE7E
0AE80
0AE82
0AE84
0AE88
0AE8E
0AE90
0AE94
0AE96
0AE98
0AE9A
0AE9C
0AE9E
0AEA0
0AEA4
0B5B8
0B5BC
0B5C0
0B5C4
0B5C8
0B5CE
0B5D0
0B5D2
0B5D4
0B5D6
0B5D8
0B5DA
0B5DC
0B5DE
0B5E2
0AEA8
0AEAA
0AEAE
02C86
02C8A
02C90
02C94
02C9A
02C9C
02C9E
02CA0
02CA2
02CA4
02CA8
02CAA
02CAC
02CB0
02CB4
02CB6
02CB8
02CBA
02CC0
02CC2
02CC8
02CCA
02CCC
02CCE
02CD4
02CD6
02CD8
02D0A
02D0C
02D0E
02D14
02D18
02D1C
02D22
02D24
02D26
02D28
02D2A
02D2C
02D2E
02D30
02D32
02D34
02D36
02D38
02D3A
02D3C
02D3E
02D40
02D42
02D44
02D46
02D4C
02D4E
02D50
02D52
02D54
02D56
02D58
02D5A
02D5C
02D5E
02D60
02D62
02D64
02D66
02D68
02D6A
02D6C
02D6E
02D72
02D76
0AEB2
0AEB4
0D826
0D828
0C010
009BE
009C0
009C2
009C4
009C6
009CA
009CC
009CE
009D0
009D2
009D6
009D8
009DA
009DC
009E0
009E4
02448
0244C
02452
02454
02468
0246A
0246C
0246E
02470
02472
02474
02476
02478
0247A
00B0E
00B10
00B12
00B14
00B16
00B18
00B1A
00B1C
00B1E
00B20
00B24
00B26
00B28
00B2A
00B30
00B32
00B34
00B36
00B38
00B3A
00B3C
00B3E
00B42
00B44
00B48
00B4A
00B4C
00B74
00B76
00B78
00B7A
00B7C
00B80
00B84
00B86
00B8A
00B8C
0D82A
0D82E
0BDA4
0BDBE
0BDC0
0BDC4
0BDC8
0BDCA
0BDCC
0BDD0
0BDD6
0BDD8
0BDDE
0BDE4
0BDEA
0BDF0
0BDF4
0BDF6
0BEEE
0BEF0
0BEF2
0BDFA
0BDFC
0BDFE
0BE00
0BE02
0BE04
0BE06
0BE0A
0BE0C
0BE0E
0BE10
0BE12
0BE16
0BE18
0BE1A
0BE1C
0BE20
0BE24
0BE26
0BE2A
0BE2E
0BE32
0BE36
0BE3A
0BE40
0BE44
0BE46
0BE48
0BEEC
007C2
007C6
0B2BE
0B2C2
06BF2
11D2A
11D2C
11D2E
11D30
11D32
11D34
11D36
11D38
11D3A
11D40
007FE
00800
0070C
0D840
0D844
007F0
007F4
007D0
007D2
0B3B0
0AF52
0AF34
0F496
0F49A
0F49C
0F49E
0F4A0
0F4A4
0F4A6
# distinct addresses 6232 over 900 frames
