T 00172 0 1 00172 0000DAD5 0000C215 0000B461 000097E0 0000C711 0000466F 0000F8CC 0000A5CE 003E42C2 003E4299 003E41DD 003E415B 003E429F 003E4364 003E5200 047ABC85
T 00172 0 2 13E98 0000DAD5 0000C215 0000B461 000097E0 0000C711 0000466F 0000F8CC 0000A5CE 003E42C2 003E4299 003E41DD 003E415B 003E429F 003E4364 003E5200 C6E62CF7
T 00172 0 3 13E9C 0000DAD5 0000C215 0000B4B9 000097E0 0000C711 0000466F 0000F8CC 0000A5CE 003E42C2 003E4299 003E41DD 003E415B 003E429F 003E4364 003E5200 C6E62CF7
T 00172 0 5 13EA8 0000DAD5 0000C215 0000B4B9 000097E0 0000C711 0000466F 0000F8CC 0000A5CE 003E42C2 003E4299 003E3444 003E3447 003E429F 003E4364 003E5200 C6E62CF7
T 00172 0 10 13EBC 00000000 0000C215 0000B4B9 000097E0 0000C711 0000466F 0000F8CC 0000A5CE 003E42C2 003E4299 003E3444 003E3447 003E429F 003E4364 003E5200 C6E62CF7
T 00172 0 20 13EDC 00000000 0000C215 0000B4B9 00009701 00000002 0000466F 0000F8CC 0000A5CE 003E42C2 003E4299 003E3444 003E3447 003E429F 003E4364 003E5200 056457F8
T 00172 1 1 13E94 00000015 00000015 00000001 00000000 00000011 0000000F 0000000C 0000000E 003E4000 003E0864 003E1968 003E0F48 003E4000 003E0864 003E5200 047ABC85
T 00172 1 2 13E98 00000015 00000015 00000001 00000000 00000011 0000000F 0000000C 0000000E 003E4000 003E0864 003E1968 003E0F48 003E4000 003E0864 003E5200 FEDD4B1B
T 00172 1 3 13E9C 00000015 00000015 000000B9 00000000 00000011 0000000F 0000000C 0000000E 003E4000 003E0864 003E1968 003E0F48 003E4000 003E0864 003E5200 FEDD4B1B
T 00172 1 5 13EA8 00000015 00000015 000000B9 00000000 00000011 0000000F 0000000C 0000000E 003E4000 003E0864 003E3444 003E3447 003E4000 003E0864 003E5200 FEDD4B1B
T 00172 1 10 13EBC 00000000 00000015 000000B9 00000000 00000011 0000000F 0000000C 0000000E 003E4000 003E0864 003E3444 003E3447 003E4000 003E0864 003E5200 FEDD4B1B
T 00172 1 20 13EDC 00000000 00000015 000000B9 00000001 00000002 0000000F 0000000C 0000000E 003E4000 003E0864 003E3444 003E3447 003E4000 003E0864 003E5200 3D5B761C
T 0022A 0 1 141D4 00004D06 00000C4C 00003E39 0000F2E6 0000D0B4 000066AC 0000CB9E 0000DEA9 003E42F6 003E41B0 003E4311 003E4063 003E411B 003E41B4 003E5200 9AB4CA94
T 0022A 0 2 141D8 00004D06 00000C4C 00003E39 0000F2E6 0000D0B4 000066AC 0000CB9E 0000DEA9 003E42F6 003E41B0 003E4311 003E4063 003E411B 003E41B4 003E5200 2C310D83
T 0022A 0 3 141DE 00004D06 00000C4C 00003E39 0000F2E6 0000D0B4 000066AC 0000CB9E 0000DEA9 003E42F6 003E41B0 003E4311 003E4063 003E411B 003E41B4 003E5200 2C310D83
T 0022A 0 5 141E6 00004D06 00000C4C 00003E39 00000000 0000D0B4 000066AC 0000CB9E 0000DEA9 003E42F6 003E41B0 003E4311 003E4063 003E411B 003E41B4 003E5200 2C310D83
T 0022A 0 10 14776 00004D06 00000C4C 00000002 00000000 0000D0B4 000066AC 0000CB9E 0000DEA9 003E42F6 003E41B0 003E4311 003E4063 003E411B 003E41B4 003E5200 BB433703
T 0022A 0 20 1479C 00000000 00000002 00000002 00000000 0000D0B4 00005083 0000CB9E 0000DEA9 0001D616 003E34CC 003E4311 003E4063 003E411B 003E41B4 003E5200 BB433703
T 0022A 1 1 141D4 00000006 0000000C 00000019 00000006 00000014 0000000C 0000001E 00000009 003E1CF6 003E02D8 003E1968 003E1968 003E1BC6 003E1CF6 003E5200 9AB4CA94
T 0022A 1 2 141D8 00000006 0000000C 00000019 00000006 00000014 0000000C 0000001E 00000009 003E1CF6 003E02D8 003E1968 003E1968 003E1BC6 003E1CF6 003E5200 16E410B3
T 0022A 1 3 141DE 00000006 0000000C 00000019 00000006 00000014 0000000C 0000001E 00000009 003E1CF6 003E02D8 003E1968 003E1968 003E1BC6 003E1CF6 003E5200 16E410B3
T 0022A 1 5 141E6 00000006 0000000C 00000019 00000000 00000014 0000000C 0000001E 00000009 003E1CF6 003E02D8 003E1968 003E1968 003E1BC6 003E1CF6 003E5200 16E410B3
T 0022A 1 10 14776 00000006 0000000C 00000002 00000000 00000014 0000000C 0000001E 00000009 003E1CF6 003E02D8 003E1968 003E1968 003E1BC6 003E1CF6 003E5200 1CA59869
T 0022A 1 20 1479C 00000000 00000002 00000002 00000000 00000014 00005083 0000001E 00000009 0001D616 003E34CC 003E1968 003E1968 003E1BC6 003E1CF6 003E5200 1CA59869
T 00230 0 1 14230 00004631 00004031 00009442 000017C4 00005141 000051BF 0000510B 00002912 003E402E 003E4276 003E4204 003E42C8 003E408D 003E42C5 003E5200 244A30E5
T 00230 0 2 14236 00004631 00004031 00009442 000017C4 00005141 000051BF 0000510B 00002912 003E402E 003E4276 003E4204 003E42C8 003E408D 003E42C5 003E5200 244A30E5
T 00230 0 3 1423C 00004631 00004031 00009442 000017C4 00005141 000051BF 0000510B 00002912 003E402E 003E4276 003E4204 003E42C8 003E408D 003E42C5 003E5200 244A30E5
T 00230 0 5 13F9E 00004631 00004031 00009442 000017C4 00005141 000051BF 0000510B 00002912 003E402E 003E4276 003E4204 003E42C8 003E408D 003E42C5 003E5200 DE554764
T 00230 0 10 13FB6 00000000 00004031 00009442 000017C4 00005141 000051BF 0000510B 00002912 003E402E 003E4276 003E4204 003E42C8 003E408D 003E42C5 003E5200 DE554764
T 00230 0 20 14240 00000001 00000007 00009442 000017C4 00005141 000051BF 0000510B 00002912 003E402E 003E4276 003E4204 003E42C8 003E408D 003E42C5 003E5200 DE554764
T 00230 1 1 14230 00000011 00000011 00000002 00000004 00000001 0000001F 0000000B 00000012 003E0F48 003E0864 003E02D8 003E02D8 003E1968 003E1CF6 003E5200 244A30E5
T 00230 1 2 14236 00000011 00000011 00000002 00000004 00000001 0000001F 0000000B 00000012 003E0F48 003E0864 003E02D8 003E02D8 003E1968 003E1CF6 003E5200 244A30E5
T 00230 1 3 1423C 00000011 00000011 00000002 00000004 00000001 0000001F 0000000B 00000012 003E0F48 003E0864 003E02D8 003E02D8 003E1968 003E1CF6 003E5200 244A30E5
T 00230 1 5 13F9E 00000011 00000011 00000002 00000004 00000001 0000001F 0000000B 00000012 003E0F48 003E0864 003E02D8 003E02D8 003E1968 003E1CF6 003E5200 DE554764
T 00230 1 10 13FB6 00000000 00000011 00000002 00000004 00000001 0000001F 0000000B 00000012 003E0F48 003E0864 003E02D8 003E02D8 003E1968 003E1CF6 003E5200 DE554764
T 00230 1 20 14240 00000001 00000007 00000002 00000004 00000001 0000001F 0000000B 00000012 003E0F48 003E0864 003E02D8 003E02D8 003E1968 003E1CF6 003E5200 DE554764
T 00278 0 1 15858 0000C808 00001953 00002AD2 0000602D 00000435 00006FB3 0000BA13 0000AE41 003E4129 003E4161 003E4094 003E436F 003E42BF 003E428D 003E5200 E12AC214
T 00278 0 2 1585C 0000C808 00001953 00002AD2 0000602D 00000435 00006FB3 0000BA13 0000AE41 003E4129 003E4161 003E4094 003E436F 003E42BF 003E428D 003E5200 BAA1B795
T 00278 0 3 15860 0000C808 00001953 00002AD2 0000602D 00000435 00006FB3 0000BA13 0000AE41 003E4129 003E4161 003E4094 003E436F 003E42BF 003E428D 003E5200 C55BA0A2
T 00278 0 5 14A3A 0000C808 00001953 00002AD2 0000602D 00000435 00006FB3 0000BA13 0000AE41 003E4129 003E4161 003E4094 003E436F 003E42BF 003E428D 003E5200 2DD01CE9
T 00278 0 10 14772 0000C808 00001953 0000000D 00000001 00000435 00006FB3 0000BA13 0000AE41 003E4129 003E4161 003E34ED 003E436F 003E42BF 003E428D 003E5200 79C3567D
T 00278 0 20 1479A 0000001A 0000000D 0000000D 00000001 00000435 0000648E 0000BA13 0000AE41 0001D616 003E34CC 003E34ED 003E436F 003E42BF 003E428D 003E5200 D7246360
T 00278 1 1 15858 00000008 00000013 00000012 0000000D 00000015 00000013 00000013 00000001 003E1BC6 003E1BC6 003E1968 003E0F48 003E1BC6 003E1CF6 003E5200 E12AC214
T 00278 1 2 1585C 00000008 00000013 00000012 0000000D 00000015 00000013 00000013 00000001 003E1BC6 003E1BC6 003E1968 003E0F48 003E1BC6 003E1CF6 003E5200 BAA1B795
T 00278 1 3 15860 00000008 00000013 00000012 0000000D 00000015 00000013 00000013 00000001 003E1BC6 003E1BC6 003E1968 003E0F48 003E1BC6 003E1CF6 003E5200 C55BA0A2
T 00278 1 5 14A3A 00000008 00000013 00000012 0000000D 00000015 00000013 00000013 00000001 003E1BC6 003E1BC6 003E1968 003E0F48 003E1BC6 003E1CF6 003E5200 A585A0D2
T 00278 1 10 14772 00000008 00000013 0000000D 00000001 00000015 00000013 00000013 00000001 003E1BC6 003E1BC6 003E34ED 003E0F48 003E1BC6 003E1CF6 003E5200 F178DA66
T 00278 1 20 1479A 0000001A 0000000D 0000000D 00000001 00000015 0000648E 00000013 00000001 0001D616 003E34CC 003E34ED 003E0F48 003E1BC6 003E1CF6 003E5200 70D3719C
T 00534 0 1 18564 0000B419 0000987B 00001891 0000D55E 0000E974 00005108 00003EC1 00005DB2 003E4028 003E40E3 003E41A7 003E400B 003E42A2 003E42A8 003E5200 AE349AC6
T 00534 0 2 18652 0000B419 0000987B 00001891 0000D55E 0000E974 00005108 00003EC1 00005DB2 003E4028 003E40E3 003E41A7 003E400B 003E42A2 003E42A8 003E5200 CE281D8C
T 00534 0 3 19C2E 0000B419 0000987B 00001891 0000D55E 0000E974 00005108 00003EC1 00005DB2 003E4028 003E40E3 003E41A7 003E400B 003E42A2 003E42A8 003E5200 86435B9F
T 00534 0 5 1E8D2 0000B419 0000987B 00001891 0000D55E 0000E974 00005108 00003EC1 00005DB2 003E4028 003E40E3 003E41A7 003E400B 003E42A2 003E42A8 003E5200 E63BC12D
T 00534 0 10 1E8D6 0000B419 0000987B 00001891 0000D55E 0000E974 00005108 00003EC1 00005DB2 003E4028 003E40E3 003E41A7 003E400B 003E42A2 003E42A8 003E5200 E63BC12D
T 00534 0 20 1E8D6 0000B419 0000987B 00001891 0000D55E 0000E974 00005108 00003EC1 00005DB2 003E4028 003E40E3 003E41A7 003E400B 003E42A2 003E42A8 003E5200 E63BC12D
T 00534 1 1 00538 00000019 0000001B 00000011 0000001E 00000014 00000008 00000001 00000012 003E02D8 003E1BC6 003E1BC6 003E0F48 003E1CF6 003E1968 003E5200 A5CB395B
T 00534 1 2 0053A 00000000 0000001B 00000011 0000001E 00000014 00000008 00000001 00000012 003E02D8 003E1BC6 003E1BC6 003E0F48 003E1CF6 003E1968 003E5200 A5CB395B
T 00534 1 3 0053C 00000000 0000001B 00000011 0000001E 00000014 00000008 00000001 00000012 003E02D8 003E1BC6 003E1BC6 003E0F48 003E1CF6 003E1968 003E5200 A5CB395B
T 00534 1 5 00544 00000000 0000001B 00000011 00000000 00000014 00000008 00000001 00000012 003E02D8 003E1BC6 003E1BC6 003E0F48 003E1CF6 003E1968 003E5200 A5CB395B
T 00534 1 10 0056C 00000000 0000001B 00000011 00000000 00000014 00000008 00000001 00000012 003E02D8 003E1BC6 003E1BC6 003E0F48 003E1CF6 003E1968 003E5200 A5CB395B
T 00534 1 20 3E6000 00000000 0000001B 00000011 00000000 00000014 00000008 00000001 00000012 003E02D8 003E1BC6 003E1BC6 003E0F48 003E1CF6 003E1968 003E5200 A5CB395B
T 00620 0 1 00624 0000D3A4 0000AE52 000045A3 00000AB7 0000DC68 0000825E 00000396 0000AD05 003E407F 003E4047 003E41A8 003E40C8 003E4135 003E41FF 003E5200 2ED158C1
T 00620 0 2 3E6000 0000D3A4 0000AE52 000045A3 00000AB7 0000DC68 0000825E 00000396 0000AD05 003E407F 003E4047 003E41A8 003E40C8 003E4135 003E41FF 003E5200 2ED158C1
T 00620 0 3 3E6000 0000D3A4 0000AE52 000045A3 00000AB7 0000DC68 0000825E 00000396 0000AD05 003E407F 003E4047 003E41A8 003E40C8 003E4135 003E41FF 003E5200 2ED158C1
T 00620 0 5 3E6000 0000D3A4 0000AE52 000045A3 00000AB7 0000DC68 0000825E 00000396 0000AD05 003E407F 003E4047 003E41A8 003E40C8 003E4135 003E41FF 003E5200 2ED158C1
T 00620 0 10 3E6000 0000D3A4 0000AE52 000045A3 00000AB7 0000DC68 0000825E 00000396 0000AD05 003E407F 003E4047 003E41A8 003E40C8 003E4135 003E41FF 003E5200 2ED158C1
T 00620 0 20 3E6000 0000D3A4 0000AE52 000045A3 00000AB7 0000DC68 0000825E 00000396 0000AD05 003E407F 003E4047 003E41A8 003E40C8 003E4135 003E41FF 003E5200 2ED158C1
T 00620 1 1 00624 00000004 00000012 00000003 00000017 00000008 0000001E 00000016 00000005 003E1968 003E1968 003E0F48 003E0F48 003E1968 003E0864 003E5200 2ED158C1
T 00620 1 2 3E6000 00000004 00000012 00000003 00000017 00000008 0000001E 00000016 00000005 003E1968 003E1968 003E0F48 003E0F48 003E1968 003E0864 003E5200 2ED158C1
T 00620 1 3 3E6000 00000004 00000012 00000003 00000017 00000008 0000001E 00000016 00000005 003E1968 003E1968 003E0F48 003E0F48 003E1968 003E0864 003E5200 2ED158C1
T 00620 1 5 3E6000 00000004 00000012 00000003 00000017 00000008 0000001E 00000016 00000005 003E1968 003E1968 003E0F48 003E0F48 003E1968 003E0864 003E5200 2ED158C1
T 00620 1 10 3E6000 00000004 00000012 00000003 00000017 00000008 0000001E 00000016 00000005 003E1968 003E1968 003E0F48 003E0F48 003E1968 003E0864 003E5200 2ED158C1
T 00620 1 20 3E6000 00000004 00000012 00000003 00000017 00000008 0000001E 00000016 00000005 003E1968 003E1968 003E0F48 003E0F48 003E1968 003E0864 003E5200 2ED158C1
T 00656 0 1 0065C 0000233C 00005C1E 0000BD87 0000F5EF 000025FE 0000D286 0000C4FF 00009D7B 003E42ED 003E42C3 003E4246 003E418C 003E42DF 003E42A1 003E5200 97963F83
T 00656 0 2 3E6000 0000233C 00005C1E 0000BD87 0000F5EF 000025FE 0000D286 0000C4FF 00009D7B 003E42ED 003E42C3 003E4246 003E418C 003E42DF 003E42A1 003E5200 97963F83
T 00656 0 3 3E6000 0000233C 00005C1E 0000BD87 0000F5EF 000025FE 0000D286 0000C4FF 00009D7B 003E42ED 003E42C3 003E4246 003E418C 003E42DF 003E42A1 003E5200 97963F83
T 00656 0 5 3E6000 0000233C 00005C1E 0000BD87 0000F5EF 000025FE 0000D286 0000C4FF 00009D7B 003E42ED 003E42C3 003E4246 003E418C 003E42DF 003E42A1 003E5200 97963F83
T 00656 0 10 3E6000 0000233C 00005C1E 0000BD87 0000F5EF 000025FE 0000D286 0000C4FF 00009D7B 003E42ED 003E42C3 003E4246 003E418C 003E42DF 003E42A1 003E5200 97963F83
T 00656 0 20 3E6000 0000233C 00005C1E 0000BD87 0000F5EF 000025FE 0000D286 0000C4FF 00009D7B 003E42ED 003E42C3 003E4246 003E418C 003E42DF 003E42A1 003E5200 97963F83
T 00656 1 1 0065C 0000001C 0000001E 00000007 0000000F 0000001E 00000006 0000001F 0000001B 003E0864 003E0864 003E1968 003E0F48 003E0864 003E1968 003E5200 97963F83
T 00656 1 2 133B2 0000001C 0000001E 00000007 0000000F 0000001E 00000006 0000001F 0000001B 003E0864 003E0864 003E1968 003E0F48 003E0864 003E1968 003E5200 E9F364C9
T 00656 1 3 196AC 0000001C 0000001E 00000007 0000000F 0000001E 00000006 0000001F 0000001B 003E0864 003E0864 003E1968 003E0F48 003E0864 003E1968 003E5200 1C3663F7
T 00656 1 5 196B4 0000001C 0000001E 00000007 0000000F 0000001E 00000006 0000001F 0000001B 003E3672 003E0864 003E1968 003E0F48 003E0864 003E1968 003E5200 9A1F6FBE
T 00656 1 10 196C6 0000001C 0000001E FFFFFFE0 0000000F 0000001E 00000006 0000001F 0000001B 003E3672 003E0864 003E1968 003E0F48 003E0864 003E1968 003E5200 9A1F6FBE
T 00656 1 20 19700 000000C8 00000000 FFFFFFC0 0000000F 0000001E 00000006 0000001F 0000001B 003E3672 003E0864 003E1968 003E0F48 003E0864 003E1968 003E5200 9A1F6FBE
T 008B4 0 1 008B8 00003B63 000023E3 0000C028 0000F177 00000CD7 0000249E 00001822 0000DE65 003E4014 003E4364 003E419A 003E4341 003E40F7 003E41B7 003E4FE8 9398FA52
T 008B4 0 2 008BC 00003B63 000023E3 0000C028 0000F177 00000CD7 0000249E 00001822 0000DE65 003E4014 003E4364 003E419A 003E4341 003E40F7 003E41B7 003E4FE8 66F24B4B
T 008B4 0 3 008C0 00003B63 000023E3 0000C028 0000F177 00000CD7 0000249E 00001822 0000DE65 003E4014 003E4364 003E419A 00DF003E 003E40F7 003E41B7 003E4FE8 66F24B4B
T 008B4 0 5 008C6 00003B00 000023E3 0000C028 40E70000 00000CD7 0000249E 00001822 0000DE65 003E4014 003E4364 003E419A 00DF003F 003E40F7 003E41B7 003E4FE8 66F24B4B
T 008B4 0 10 11BD8 00003B00 000023E3 0000C028 40E70000 00000CD7 0000249E 00001822 0000DE65 003E4014 003E4364 003E419A 00DF0040 003E40F7 003E41B7 003E4FE8 8841909D
T 008B4 0 20 008E8 0000000B 000023E3 0000C028 40E70000 00000CD7 0000249E 003E0864 0000DE65 003E1AE2 003E4364 003E419A 00DF0040 003E40F7 003E41B7 003E4FE8 8841909D
T 008B4 1 1 008B8 00000003 00000003 00000008 00000017 00000017 0000001E 00000002 00000005 003E4000 003E0864 003E0F48 003E0864 003E1CF6 003E02D8 003E4FE8 9398FA52
T 008B4 1 2 008BC 00000003 00000003 00000008 00000017 00000017 0000001E 00000002 00000005 003E4000 003E0864 003E0F48 003E0864 003E1CF6 003E02D8 003E4FE8 320FEF05
T 008B4 1 3 008C0 00000003 00000003 00000008 00000017 00000017 0000001E 00000002 00000005 003E4000 003E0864 003E0F48 00DF003E 003E1CF6 003E02D8 003E4FE8 320FEF05
T 008B4 1 5 008C6 00000000 00000003 00000008 40E70000 00000017 0000001E 00000002 00000005 003E4000 003E0864 003E0F48 00DF003F 003E1CF6 003E02D8 003E4FE8 320FEF05
T 008B4 1 10 11BD8 00000000 00000003 00000008 40E70000 00000017 0000001E 00000002 00000005 003E4000 003E0864 003E0F48 00DF0040 003E1CF6 003E02D8 003E4FE8 535F3457
T 008B4 1 20 008E8 0000000B 00000003 00000008 40E70000 00000017 0000001E 003E0864 00000005 003E1AE2 003E0864 003E0F48 00DF0040 003E1CF6 003E02D8 003E4FE8 535F3457
T 014DC 0 1 014E0 00007960 0000F5F7 00003DFE 0000A12F 00007CC7 00009384 0000BD00 0000D065 003E42CA 003E42E1 003E40C0 003E414E 003E413F 003E4360 003E5200 1F8FAA4D
T 014DC 0 2 014E2 00007960 0000F5F7 0000000F 0000A12F 00007CC7 00009384 0000BD00 0000D065 003E42CA 003E42E1 003E40C0 003E414E 003E413F 003E4360 003E5200 1F8FAA4D
T 014DC 0 3 014E8 00007960 0000F5F7 0000000F 0000A12F 00002000 00009384 0000BD00 0000D065 003E42CA 003E42E1 003E40C0 003E414E 003E413F 003E4360 003E5200 1F8FAA4D
T 014DC 0 5 014F0 00007960 0000F5F7 0000000F 00000000 00002000 00009384 0000BD00 0000D065 003E42CA 003E42E1 003E40C0 003E414E 003E413F 003E4360 003E5200 1F8FAA4D
T 014DC 0 10 014FE 00004000 0000F5F7 0000000F 00000000 00004000 00009384 0000BD00 0000D065 003E42CA 003E42E1 0000FCF6 003E414E 003E413F 003E4360 003E5200 1F8FAA4D
T 014DC 0 20 01500 00008000 0000F5F7 0000000F 00000001 00008000 00009384 0000BD00 0000D065 003E42CA 003E42E1 0000FCFA 003E414E 003E413F 003E4360 003E5200 1F8FAA4D
T 014DC 1 1 014E0 00000000 00000017 0000001E 0000000F 00000007 00000004 00000000 00000005 003E0864 003E1CF6 003E1BC6 003E02D8 003E0F48 003E1BC6 003E5200 85FEB332
T 014DC 1 2 014E2 00000000 00000017 0000000F 0000000F 00000007 00000004 00000000 00000005 003E0864 003E1CF6 003E1BC6 003E02D8 003E0F48 003E1BC6 003E5200 85FEB332
T 014DC 1 3 014E8 00000000 00000017 0000000F 0000000F 00002000 00000004 00000000 00000005 003E0864 003E1CF6 003E1BC6 003E02D8 003E0F48 003E1BC6 003E5200 85FEB332
T 014DC 1 5 014F0 00000000 00000017 0000000F 00000000 00002000 00000004 00000000 00000005 003E0864 003E1CF6 003E1BC6 003E02D8 003E0F48 003E1BC6 003E5200 85FEB332
T 014DC 1 10 014FE 00004000 00000017 0000000F 00000000 00004000 00000004 00000000 00000005 003E0864 003E1CF6 0000FCF6 003E02D8 003E0F48 003E1BC6 003E5200 85FEB332
T 014DC 1 20 01500 00008000 00000017 0000000F 00000001 00008000 00000004 00000000 00000005 003E0864 003E1CF6 0000FCFA 003E02D8 003E0F48 003E1BC6 003E5200 85FEB332
T 0875E 0 1 08762 000013B0 00005886 0000C79D 0000C253 0000A98C 00001491 00002371 00009656 003E4334 003E4119 003E41C8 003E427E 003E4123 003E402D 003E4FE8 4E9EB81B
T 0875E 0 2 08766 000013B0 00005886 0000C79D 0000C253 0000A98C 00001491 00002371 00009656 003E4334 003E4119 003E41C8 003E427E 003E4123 003E402D 003E4FE8 04689E2C
T 0875E 0 3 0876A 000013B0 00005886 0000C79D 0000C253 0000A98C 00001491 00002371 00009656 003E4334 003E4119 00D1003E 003E427E 003E4123 003E402D 003E4FE8 04689E2C
T 0875E 0 5 08772 000013B0 00005886 003E1960 0000C253 0000A98C 00001491 00002371 00009656 003E1960 003E4119 00D1003E 003E427E 003E4123 003E402D 003E4FE8 04689E2C
T 0875E 0 10 08780 00D1003E 00000000 003E1960 0000C253 0000A98C 00001491 00002371 00009656 003E1960 003E1AE2 00D1003E 003E427E 003E4123 003E402D 003E4FE8 04689E2C
T 0875E 0 20 0878A 00D1003F 00000002 003E1960 00000032 0000A98C 00001491 00002371 00009656 00000002 003E1AE2 00D10040 003E427E 003E4123 003E402D 003E4FE8 04689E2C
T 0875E 1 1 08762 00000010 00000006 0000001D 00000013 0000000C 00000011 00000011 00000016 003E1968 003E1968 003E1968 003E1968 003E0F48 003E1BC6 003E4FE8 4E9EB81B
T 0875E 1 2 08766 00000010 00000006 0000001D 00000013 0000000C 00000011 00000011 00000016 003E1968 003E1968 003E1968 003E1968 003E0F48 003E1BC6 003E4FE8 E321C562
T 0875E 1 3 0876A 00000010 00000006 0000001D 00000013 0000000C 00000011 00000011 00000016 003E1968 003E1968 00D1003E 003E1968 003E0F48 003E1BC6 003E4FE8 E321C562
T 0875E 1 5 08772 00000010 00000006 003E1960 00000013 0000000C 00000011 00000011 00000016 003E1960 003E1968 00D1003E 003E1968 003E0F48 003E1BC6 003E4FE8 E321C562
T 0875E 1 10 08780 00D1003E 00000000 003E1960 00000013 0000000C 00000011 00000011 00000016 003E1960 003E1AE2 00D1003E 003E1968 003E0F48 003E1BC6 003E4FE8 E321C562
T 0875E 1 20 0878A 00D1003F 00000002 003E1960 00000032 0000000C 00000011 00000011 00000016 00000002 003E1AE2 00D10040 003E1968 003E0F48 003E1BC6 003E4FE8 E321C562
T 08878 0 1 0887A 00000A19 0000C255 0000C429 00005291 0000D3BC 00008E7F 0000C7D8 00004107 003E4327 003E42D9 003E417C 003E42F6 003E412A 003E4019 003E5200 1E9AF469
T 08878 0 2 08880 00000A19 0000C255 0000C429 00005291 0000D3BC 00008E7F 0000C7D8 00004107 003E4327 003E42D9 003E1960 003E42F6 003E412A 003E4019 003E5200 1E9AF469
T 08878 0 3 08882 00000A19 0000C255 0000C429 00005291 0000D3BC 00008E7F 0000C7D8 00004107 003E1AE2 003E42D9 003E1960 003E42F6 003E412A 003E4019 003E5200 1E9AF469
T 08878 0 5 0888A 00000A19 0000C255 0000C429 00005291 0000D3BC 00008E7F 0000C7D8 00004107 003E1AE2 003E42D9 003E1960 003E42F6 003E412A 003E4019 003E5200 1E9AF469
T 08878 0 10 11BDE 00000000 0000C255 0000C429 00005291 0000D3BC 00008E7F 0000C7D8 00004107 003E1AE2 003E42D9 003E1960 003E42F6 003E412A 003E4019 003E5200 3030D338
T 08878 0 20 069A2 003E0864 0000C21A 0000C429 00005291 0000D3BC 00008E7F 0000C7D8 00004107 003E0865 003E42D9 003E1960 003E42F6 003E412A 003E4019 003E5200 3030D338
T 08878 1 1 0887A 00000019 00000015 00000009 00000011 0000001C 0000001F 00000018 00000007 003E1CF6 003E1968 003E1CF6 003E1CF6 003E0F48 003E0F48 003E5200 694DFAE8
T 08878 1 2 08880 00000019 00000015 00000009 00000011 0000001C 0000001F 00000018 00000007 003E1CF6 003E1968 003E1960 003E1CF6 003E0F48 003E0F48 003E5200 694DFAE8
T 08878 1 3 08882 00000019 00000015 00000009 00000011 0000001C 0000001F 00000018 00000007 003E1AE2 003E1968 003E1960 003E1CF6 003E0F48 003E0F48 003E5200 694DFAE8
T 08878 1 5 0888A 00000019 00000015 00000009 00000011 0000001C 0000001F 00000018 00000007 003E1AE2 003E1968 003E1960 003E1CF6 003E0F48 003E0F48 003E5200 694DFAE8
T 08878 1 10 11BDE 00000000 00000015 00000009 00000011 0000001C 0000001F 00000018 00000007 003E1AE2 003E1968 003E1960 003E1CF6 003E0F48 003E0F48 003E5200 7AE3D9B7
T 08878 1 20 069A2 003E0864 0000001A 00000009 00000011 0000001C 0000001F 00000018 00000007 003E0865 003E1968 003E1960 003E1CF6 003E0F48 003E0F48 003E5200 7AE3D9B7
T 08A70 0 1 08A72 00008AAE 000025C1 0000CB53 0000F902 00005B6E 0000537C 0000D135 00004D45 003E4006 003E4354 003E42AF 003E4007 003E4044 003E4356 003E5200 96343646
T 08A70 0 2 08A76 00008AAE 000025C1 0000CB53 0000F902 00005B6E 0000537C 0000D135 00004D45 003E4006 003E4354 00B1003E 003E4007 003E4044 003E4356 003E5200 96343646
T 08A70 0 3 08A7A 00008AAE 000025C1 0000CB53 0000F902 00005B6E 0000537C 0000D135 00004D45 003E4006 003E4354 00B1003E 003E4007 003E4044 003E4356 003E5200 96343646
T 08A70 0 5 088B0 00008AAE 000025C1 0000CB53 0000F902 00005B6E 0000537C 0000D135 00004D45 003E4006 003E4354 00B1003E 003E4007 003E4044 003E4356 003E5200 38FC557E
T 08A70 0 10 088C4 00008AAE 000025C1 00000001 00008A24 00005B6E 0000537C 0000D135 00004D45 003E4006 003E4354 00B1003E 003E4007 00000000 003E4356 003E4FDA 0C33A162
T 08A70 0 20 088E6 00000004 000025C1 00000001 00008A24 0000000F 00000030 00000004 00004D45 003E4006 003E4354 003E4FD6 003E4FD4 00000000 003E4356 003E4FDA 6F99C646
T 08A70 1 1 08A72 0000000E 00000001 00000013 00000002 0000000E 0000001C 00000015 00000005 003E4000 003E02D8 003E1968 003E0864 003E02D8 003E0864 003E5200 98993C08
T 08A70 1 2 08A76 0000000E 00000001 00000013 00000002 0000000E 0000001C 00000015 00000005 003E4000 003E02D8 00B1003E 003E0864 003E02D8 003E0864 003E5200 98993C08
T 08A70 1 3 08A7A 0000000E 00000001 00000013 00000002 0000000E 0000001C 00000015 00000005 003E4000 003E02D8 00B1003E 003E0864 003E02D8 003E0864 003E5200 98993C08
T 08A70 1 5 088B0 0000000E 00000001 00000013 00000002 0000000E 0000001C 00000015 00000005 003E4000 003E02D8 00B1003E 003E0864 003E02D8 003E0864 003E5200 3B615B40
T 08A70 1 10 088C4 0000000E 00000001 00000001 00008A24 0000000E 0000001C 00000015 00000005 003E4000 003E02D8 00B1003E 003E0864 00000000 003E0864 003E4FDA 2DB32F37
T 08A70 1 20 088E6 00000004 00000001 00000001 00008A24 0000000F 00000030 00000004 00000005 003E4000 003E02D8 003E4FD6 003E4FD4 00000000 003E0864 003E4FDA 9119541B
T 0B9C8 0 1 0B9CC 00002EFD 00002A41 00005F07 000047E3 00003BC2 00003D4B 00003AF5 00000767 003E432C 003E40B5 003E4181 003E424A 003E42B9 003E42EF 003E4FE8 4F7F5205
T 0B9C8 0 2 0B9D0 00002EFD 00002A41 00005F07 000047E3 00003BC2 00003D4B 00003AF5 00000767 003E432C 003E40B5 003E4181 003E424A 003E42B9 003E42EF 003E4FE8 B48B3509
T 0B9C8 0 3 0B9D4 00002EFD 00002A41 00005F07 000047E3 00003BC2 00003D4B 00003AF5 00000767 003E432C 003E40B5 000000D4 003E424A 003E42B9 003E42EF 003E4FE8 B48B3509
T 0B9C8 0 5 0B9F2 00002EFD 00002A41 00005F07 000047E3 00003BC2 00003D4B 00003AF5 00000767 003E432C 003E40B5 000000D4 003E424A 003E42B9 003E42EF 003E4FE8 B48B3509
T 0B9C8 0 10 0BA00 00000000 00002A41 00000001 00000000 00003BC2 00003D4B 00003AF5 00000767 003E432C 003E40B5 000000D4 003E424A 003E42B9 003E42EF 003E4FE8 B48B3509
T 0B9C8 0 20 0AEE2 00000000 00000005 00000001 00000000 00003BC2 00003D4B 00003AF5 00000767 003E1968 003E40B5 000000D4 003E424A 003E42B9 003E42EF 003E4FE8 3A924997
T 0B9C8 1 1 0B9CC 0000001D 00000001 00000007 00000003 00000002 0000000B 00000015 00000007 003E0864 003E4000 003E0864 003E02D8 003E0F48 003E1CF6 003E4FE8 4F7F5205
T 0B9C8 1 2 0B9D0 0000001D 00000001 00000007 00000003 00000002 0000000B 00000015 00000007 003E0864 003E4000 003E0864 003E02D8 003E0F48 003E1CF6 003E4FE8 E9BDF6D6
T 0B9C8 1 3 0B9D4 0000001D 00000001 00000007 00000003 00000002 0000000B 00000015 00000007 003E0864 003E4000 000000D4 003E02D8 003E0F48 003E1CF6 003E4FE8 E9BDF6D6
T 0B9C8 1 5 0B9F2 0000001D 00000001 00000007 00000003 00000002 0000000B 00000015 00000007 003E0864 003E4000 000000D4 003E02D8 003E0F48 003E1CF6 003E4FE8 E9BDF6D6
T 0B9C8 1 10 0BA00 00000000 00000001 00000001 00000000 00000002 0000000B 00000015 00000007 003E0864 003E4000 000000D4 003E02D8 003E0F48 003E1CF6 003E4FE8 E9BDF6D6
T 0B9C8 1 20 0AEE2 00000000 00000005 00000001 00000000 00000002 0000000B 00000015 00000007 003E1968 003E4000 000000D4 003E02D8 003E0F48 003E1CF6 003E4FE8 6FC50B64
T 0CD4A 0 1 0CD4E 0000AEB3 0000828E 00002C45 000092B9 00004754 00008D83 000077F7 0000DAA1 003E4185 003E4229 003E4327 003E4113 003E41F4 003E4289 003E4FE8 DA4FA0AD
T 0CD4A 0 2 0CD50 0000AEB3 0000828E 00002C45 000092B9 00004754 00008D83 000077F7 0000DAA1 003E4185 003E4229 003E4327 003E4113 003E41F4 003E4289 003E4FE8 7EC8DAAF
T 0CD4A 0 3 0CD54 0000AEB3 000000E9 00002C45 000092B9 00004754 00008D83 000077F7 0000DAA1 003E4185 003E4229 003E4327 003E4113 003E41F4 003E4289 003E4FE8 7EC8DAAF
T 0CD4A 0 5 0CD5E 0000AEB3 000000E9 00002C45 000092B9 00004754 00008D83 000077F7 0000DAA1 00010040 003E4229 003E4017 003E4113 003E41F4 003E4289 003E4FE8 7EC8DAAF
T 0CD4A 0 10 0CD6C 0000010C 000000E9 00002C45 000092B9 00004754 00008D83 000077F7 0000DAA1 00010040 00010158 003E4017 003E4113 003E41F4 003E4289 003E4FE8 7EC8DAAF
T 0CD4A 0 20 0CD8A 000000BA 000000E9 00002C45 000092B9 00004754 00008D83 000077F7 0000DAA1 003E4FE8 0001015A 003E4017 003E4113 003E41F4 003E4289 003E4FE8 D56FBBF0
T 0CD4A 1 1 0CD4E 00000013 0000000E 00000005 00000019 00000014 00000003 00000017 00000001 003E0F48 003E0864 003E1CF6 003E1CF6 003E1BC6 003E02D8 003E4FE8 DA4FA0AD
T 0CD4A 1 2 0CD50 00000013 0000000E 00000005 00000019 00000014 00000003 00000017 00000001 003E0F48 003E0864 003E1CF6 003E1CF6 003E1BC6 003E02D8 003E4FE8 9B2879C5
T 0CD4A 1 3 0CD54 00000013 000000E9 00000005 00000019 00000014 00000003 00000017 00000001 003E0F48 003E0864 003E1CF6 003E1CF6 003E1BC6 003E02D8 003E4FE8 9B2879C5
T 0CD4A 1 5 0CD5E 00000013 000000E9 00000005 00000019 00000014 00000003 00000017 00000001 00010040 003E0864 003E4017 003E1CF6 003E1BC6 003E02D8 003E4FE8 9B2879C5
T 0CD4A 1 10 0CD6C 0000010C 000000E9 00000005 00000019 00000014 00000003 00000017 00000001 00010040 00010158 003E4017 003E1CF6 003E1BC6 003E02D8 003E4FE8 9B2879C5
T 0CD4A 1 20 0CD8A 000000BA 000000E9 00000005 00000019 00000014 00000003 00000017 00000001 003E4FE8 0001015A 003E4017 003E1CF6 003E1BC6 003E02D8 003E4FE8 F1CF5B06
T 0E3B0 0 1 0E3B4 00009F58 000051A0 00000ADC 000016FF 0000B738 0000FC97 0000C0BA 0000DD9F 003E426A 003E40DE 003E433F 003E40A8 003E42A8 003E406B 003E4FE8 E47C6E6F
T 0E3B0 0 2 0E3B8 00009F58 000051A0 00000ADC 000016FF 0000B738 0000FC97 0000C0BA 0000DD9F 003E426A 003E40DE 003E433F 003E40A8 003E42A8 003E406B 003E4FE8 DE5228E0
T 0E3B0 0 3 0E3BC 00009F58 000051A0 00000ADC 000016FF 0000B738 0000FC97 0000C0BA 0000DD9F 003E426A 003E40DE 00000041 003E40A8 003E42A8 003E406B 003E4FE8 DE5228E0
T 0E3B0 0 5 0E3C6 00009F58 000051A0 00000ADC 003E420A 0000B738 0000FC97 0000C0BA 0000DD9F 003E426A 003E40DE 00000041 003E1CD4 003E42A8 003E406B 003E4FE8 DE5228E0
T 0E3B0 0 10 0E3D2 00000000 00000000 00000ADC 003E420A 0000B738 0000FC97 0000C0BA 0000DD9F 003E426A 003E40DE 00000041 003E1CD4 003E42A8 003E406B 003E4FE8 DE5228E0
T 0E3B0 0 20 0E5CE 00000000 00000000 00000ADC 003E420A 003E1CE0 0000FC97 0000C0BA 0000DD9F 003E426A 003E40DE 00000041 003E1CD4 003E1CD4 003E406B 003E4FE8 D5207C4B
T 0E3B0 1 1 0E3B4 00000018 00000000 0000001C 0000001F 00000018 00000017 0000001A 0000001F 003E1CF6 003E02D8 003E02D8 003E0864 003E1968 003E1CF6 003E4FE8 E47C6E6F
T 0E3B0 1 2 0E3B8 00000018 00000000 0000001C 0000001F 00000018 00000017 0000001A 0000001F 003E1CF6 003E02D8 003E02D8 003E0864 003E1968 003E1CF6 003E4FE8 AE97A0E1
T 0E3B0 1 3 0E3BC 00000018 00000000 0000001C 0000001F 00000018 00000017 0000001A 0000001F 003E1CF6 003E02D8 00000041 003E0864 003E1968 003E1CF6 003E4FE8 AE97A0E1
T 0E3B0 1 5 0E3C6 00000018 00000000 0000001C 003E420A 00000018 00000017 0000001A 0000001F 003E1CF6 003E02D8 00000041 003E1CD4 003E1968 003E1CF6 003E4FE8 AE97A0E1
T 0E3B0 1 10 0E3D2 00000000 00000000 0000001C 003E420A 00000018 00000017 0000001A 0000001F 003E1CF6 003E02D8 00000041 003E1CD4 003E1968 003E1CF6 003E4FE8 AE97A0E1
T 0E3B0 1 20 0E5CE 00000000 00000000 0000001C 003E420A 003E1CE0 00000017 0000001A 0000001F 003E1CF6 003E02D8 00000041 003E1CD4 003E1CD4 003E1CF6 003E4FE8 1D9A42A1
T 0EDEA 0 1 0EDEC 000082F7 0000048B 0000B5CC 0000AA24 0000B9D9 000002DF 00008B0E 000041C2 003E4065 003E4055 003E4055 003E431A 003E41F0 003E437B 003E5200 EE43EB91
T 0EDEA 0 2 0EDF2 000082F7 0000048B 0000B5CC 0000AA24 0000B9D9 000002DF 00008B0E 000041C2 003E4065 003E4055 003E0DE2 003E431A 003E41F0 003E437B 003E5200 EE43EB91
T 0EDEA 0 3 0EDFA 000082F7 0000048B 0000B5CC 0000AA24 0000B9D9 000002DF 00008B0E 000041C2 003E4065 003E4055 003E0DE2 003E431A 003E41F0 003E437B 003E5200 EE43EB91
T 0EDEA 0 5 140010 000082F7 0000048B 0000B5CC 0000AA24 0000B9D9 000002DF 00008B0E 000041C2 003E4065 003E4055 003E0DE2 003E431A 003E41F0 003E437B 003E5200 82FA346D
T 0EDEA 0 10 0EE10 00000000 0000048B 0000B5CC 0000AA24 0000B9D9 000002DF 00008B0E 000041C2 003E4065 003E4055 003E0DE2 003E431A 003E41F0 003E437B 003E5200 82FA346D
T 0EDEA 0 20 3E6000 00000000 0000048B 0000B5CC 0000AA24 0000B9D9 000002DF 00008B0E 000041C2 00011AC0 003E4055 003E4055 003E431A 003E41F0 003E437B 003E5200 82FA346D
T 0EDEA 1 1 0EDEC 00000017 0000000B 0000000C 00000004 00000019 0000001F 0000000E 00000002 003E1BC6 003E1968 003E1968 003E1BC6 003E4000 003E1CF6 003E5200 0F4AB5EB
T 0EDEA 1 2 0EDF2 00000017 0000000B 0000000C 00000004 00000019 0000001F 0000000E 00000002 003E1BC6 003E1968 003E0DE2 003E1BC6 003E4000 003E1CF6 003E5200 0F4AB5EB
T 0EDEA 1 3 0EDFA 00000017 0000000B 0000000C 00000004 00000019 0000001F 0000000E 00000002 003E1BC6 003E1968 003E0DE2 003E1BC6 003E4000 003E1CF6 003E5200 0F4AB5EB
T 0EDEA 1 5 140010 00000017 0000000B 0000000C 00000004 00000019 0000001F 0000000E 00000002 003E1BC6 003E1968 003E0DE2 003E1BC6 003E4000 003E1CF6 003E5200 A400FEC7
T 0EDEA 1 10 0EE10 00000000 0000000B 0000000C 00000004 00000019 0000001F 0000000E 00000002 003E1BC6 003E1968 003E0DE2 003E1BC6 003E4000 003E1CF6 003E5200 A400FEC7
T 0EDEA 1 20 3E6000 00000000 0000000B 0000000C 00000004 00000019 0000001F 0000000E 00000002 00011AC0 003E1968 003E1968 003E1BC6 003E4000 003E1CF6 003E5200 A400FEC7
T 0F3B2 0 1 0F3B6 0000BE14 0000AE88 00000959 00009D31 0000BC1D 00003B5C 00007D4A 0000D5F7 003E4106 003E41BD 003E40A7 003E42E9 003E42C1 003E41BB 003E5200 1DEFF3B6
T 0F3B2 0 2 0F3BC 0000BE14 0000AE88 00000959 00009D31 0000BC1D 00003B5C 00007D4A 0000D5F7 003E4106 003E41BD 003E40A7 003E42E9 003E0000 003E41BB 003E5200 1DEFF3B6
T 0F3B2 0 3 0F3BE 0000BE14 0000AE88 00000959 00009D31 0000BC1D 00003B5C 00007D4A 0000D5F7 003E4106 003E41BD 003E40A7 003E0000 003E0000 003E41BB 003E5200 1DEFF3B6
T 0F3B2 0 5 0F3C2 00004AC8 0000AE88 00000959 00009D31 0000BC1D 00003B5C 00007D4A 0000D5F7 003E4106 003E41BD 003E40A7 003E0000 003E0000 003E41BB 003E5200 1DEFF3B6
T 0F3B2 0 10 0F3D8 00004AC8 0000AE88 00000959 00009D31 0000BC1D 00003B5C 00007D4A 0000D5F7 003E4106 003E41BD 003E40A7 003E4AC8 003E0000 003E41BB 003E5200 1DEFF3B6
T 0F3B2 0 20 0F934 00000505 0000AE88 00000959 00009D31 0000BC1D 00003B5C 00007D4A 0000D5F7 003E0968 003E41BD 003E40A7 003E4AC8 003E0000 003E41BB 003E5200 C7CFD011
T 0F3B2 1 1 0F3B6 00000014 00000008 00000019 00000011 0000001D 0000001C 0000000A 00000017 003E1BC6 003E0F48 003E4000 003E1BC6 003E02D8 003E1CF6 003E5200 5863523E
T 0F3B2 1 2 0F3BC 00000014 00000008 00000019 00000011 0000001D 0000001C 0000000A 00000017 003E1BC6 003E0F48 003E4000 003E1BC6 003E0000 003E1CF6 003E5200 5863523E
T 0F3B2 1 3 0F3BE 00000014 00000008 00000019 00000011 0000001D 0000001C 0000000A 00000017 003E1BC6 003E0F48 003E4000 003E0000 003E0000 003E1CF6 003E5200 5863523E
T 0F3B2 1 5 0F3C2 000000C8 00000008 00000019 00000011 0000001D 0000001C 0000000A 00000017 003E1BC6 003E0F48 003E4000 003E0000 003E0000 003E1CF6 003E5200 5863523E
T 0F3B2 1 10 0F3FE 000000C8 00000008 00000019 00000011 0000001D 0000001C 0000000A 00000017 003E1BC6 003E0F48 003E4000 003E00C8 003E0000 003E1CF6 003E5200 5863523E
T 0F3B2 1 20 0F40C 00000010 00000008 00000019 00000011 0000001D 0000001C 00000000 00000017 003E0F48 003E0F48 003E4000 003E00C8 003E0000 003E1CF6 003E5200 E5EB43D0
T 0F630 0 1 0F634 00001E0B 000095E1 000040D7 00000754 0000F179 0000CBC8 0000AF6C 00004C01 003E4128 003E42C6 003E411B 003E400E 003E41B7 003E42EB 003E4FE8 299E4004
T 0F630 0 2 0F638 00001E0B 000095E1 000040D7 00000754 0000F179 0000CBC8 0000AF6C 00004C01 003E4128 003E42C6 003E411B 003E400E 003E41B7 003E42EB 003E4FE8 4C9350DE
T 0F630 0 3 0F640 00001E0B 000095E1 000040D7 00000754 0000F179 0000CBC8 0000AF6C 00004C01 003E4128 003E42C6 003E411B 003E400E 003E41B7 003E42EB 003E4FE8 C480FEB2
T 0F630 0 5 0F64C 00001E0B 000095E1 000040D7 00000754 0000F179 0000CBC8 0000AF6C 00000007 003E4128 003E42C6 003E411B 003E400E 003E41B7 003E42EB 003E4FE8 0DA57E70
T 0F630 0 10 0F65A 0000000E 000095E1 000040D7 00000754 00000000 0000CBC8 0000AF6C 00000007 003E4128 003E02C2 003E411B 003E400E 003E41B7 003E42EB 003E4FE8 0DA57E70
T 0F630 0 20 0F67A 00000248 000095E1 000040D7 00000754 00000000 00000049 0000AF6C 00000007 003E0248 003E02C2 003E411B 003E400E 003E41B7 003E42EB 003E4FE8 0DA57E70
T 0F630 1 1 0F634 0000000B 00000001 00000017 00000014 00000019 00000008 0000000C 00000001 003E1CF6 003E1BC6 003E1BC6 003E0864 003E02D8 003E02D8 003E4FE8 299E4004
T 0F630 1 2 0F638 0000000B 00000001 00000017 00000014 00000019 00000008 0000000C 00000001 003E1CF6 003E1BC6 003E1BC6 003E0864 003E02D8 003E02D8 003E4FE8 AC617A68
T 0F630 1 3 0F640 0000000B 00000001 00000017 00000014 00000019 00000008 0000000C 00000001 003E1CF6 003E1BC6 003E1BC6 003E0864 003E02D8 003E02D8 003E4FE8 244F283C
T 0F630 1 5 0F64C 0000000B 00000001 00000017 00000014 00000019 00000008 0000000C 00000007 003E1CF6 003E1BC6 003E1BC6 003E0864 003E02D8 003E02D8 003E4FE8 6D73A7FA
T 0F630 1 10 0F65A 0000000E 00000001 00000017 00000014 00000000 00000008 0000000C 00000007 003E1CF6 003E02C2 003E1BC6 003E0864 003E02D8 003E02D8 003E4FE8 6D73A7FA
T 0F630 1 20 0F67A 00000248 00000001 00000017 00000014 00000000 00000049 0000000C 00000007 003E0248 003E02C2 003E1BC6 003E0864 003E02D8 003E02D8 003E4FE8 6D73A7FA
T 0F79E 0 1 0F7A2 0000657C 000044C0 0000BB0D 0000E9B6 0000D2F6 000039DC 00001A2C 0000BFE0 003E430E 003E4324 003E4359 003E40AC 003E40E4 003E41D7 003E4FE8 0ABF43E8
T 0F79E 0 2 0F7A6 0000657C 000044C0 0000BB0D 0000E9B6 0000D2F6 000039DC 00001A2C 0000BFE0 003E430E 003E4324 003E4359 003E40AC 003E40E4 003E41D7 003E4FE8 6A1432F5
T 0F79E 0 3 0F7AE 0000657C 000044C0 0000BB0D 0000E9B6 0000D2F6 000039DC 00001A2C 0000BFE0 003E430E 003E4324 003E4359 003E40AC 003E40E4 003E41D7 003E4FE8 E201E0C9
T 0F79E 0 5 0F7B8 0000657C 000044C0 0000BB0D 0000E9B6 0000D2F6 000039DC 00001A2C 00000007 003E430E 003E4324 003E4359 003E40AC 003E0000 003E41D7 003E4FE8 E201E0C9
T 0F79E 0 10 0F7C8 0000000E 000044C0 0000BB0D 0000E9B6 0000D2F6 000039DC 00001A2C 00000007 003E430E 003E02C2 003E4359 003E40AC 003E0000 003E41D7 003E4FE8 E201E0C9
T 0F79E 0 20 0F7E8 0000004B 000044C0 0000BB0D 00000049 0000D2F6 0000004B 00001A2C 00000007 003E3F40 003E02C2 003E4359 003E40AC 003E0000 003E41D7 003E4FE8 E201E0C9
T 0F79E 1 1 0F7A2 0000001C 00000000 0000000D 00000016 00000016 0000001C 0000000C 00000000 003E02D8 003E4000 003E1BC6 003E0F48 003E0F48 003E1CF6 003E4FE8 0ABF43E8
T 0F79E 1 2 0F7A6 0000001C 00000000 0000000D 00000016 00000016 0000001C 0000000C 00000000 003E02D8 003E4000 003E1BC6 003E0F48 003E0F48 003E1CF6 003E4FE8 56E8DE58
T 0F79E 1 3 0F7AE 0000001C 00000000 0000000D 00000016 00000016 0000001C 0000000C 00000000 003E02D8 003E4000 003E1BC6 003E0F48 003E0F48 003E1CF6 003E4FE8 CED68C2C
T 0F79E 1 5 0F7B8 0000001C 00000000 0000000D 00000016 00000016 0000001C 0000000C 00000007 003E02D8 003E4000 003E1BC6 003E0F48 003E0000 003E1CF6 003E4FE8 CED68C2C
T 0F79E 1 10 0F7C8 0000000E 00000000 0000000D 00000016 00000016 0000001C 0000000C 00000007 003E02D8 003E02C2 003E1BC6 003E0F48 003E0000 003E1CF6 003E4FE8 CED68C2C
T 0F79E 1 20 0F7E8 0000004B 00000000 0000000D 00000049 00000016 0000004B 0000000C 00000007 003E3F40 003E02C2 003E1BC6 003E0F48 003E0000 003E1CF6 003E4FE8 CED68C2C
T 0F936 0 1 0F93A 00004B36 0000CDFE 00000711 000069FD 0000C43C 000078B5 000020A4 00002EB5 003E4365 003E41CD 003E435B 003E4313 003E41D5 003E40A4 003E4FE8 DB072359
T 0F936 0 2 0F93E 00004B36 0000CDFE 00000711 000069FD 0000C43C 000078B5 000020A4 00002EB5 003E4365 003E41CD 003E435B 003E4313 003E41D5 003E40A4 003E4FE8 18263B2F
T 0F936 0 3 0F946 00004B36 0000CDFE 00000711 000069FD 0000C43C 000078B5 000020A4 00002EB5 003E4365 003E41CD 003E435B 003E4313 003E41D5 003E40A4 003E4FE8 9013E903
T 0F936 0 5 0F954 00004B36 0000CDFE 00000711 000069FD 0000C43C 000078B5 000020A4 00002EB5 003E4365 003E41CD 003E435B 003E02B4 003E41D5 003E40A4 003E4FE8 D93868C1
T 0F936 0 10 0F966 00004B36 0000CDFE 00000711 000069FD 0000C43C 000078B5 000020A4 00000000 003E4365 003E41CD 003E435B 003E02B4 003E41D5 003E40A4 003E4FE8 C6EE24C2
T 0F936 0 20 0F984 00000018 0000CDFE 00000003 000069FD 0000C43C 000078B5 00000002 00000000 003E3F40 003E41CD 003E0018 003E02B4 003E41D5 003E40A4 003E4FE8 C6EE24C2
T 0F936 1 1 0F93A 00000016 0000001E 00000011 0000001D 0000001C 00000015 00000004 00000015 003E1968 003E4000 003E02D8 003E1BC6 003E0864 003E1BC6 003E4FE8 DB072359
T 0F936 1 2 0F93E 00000016 0000001E 00000011 0000001D 0000001C 00000015 00000004 00000015 003E1968 003E4000 003E02D8 003E1BC6 003E0864 003E1BC6 003E4FE8 41C1D1D1
T 0F936 1 3 0F946 00000016 0000001E 00000011 0000001D 0000001C 00000015 00000004 00000015 003E1968 003E4000 003E02D8 003E1BC6 003E0864 003E1BC6 003E4FE8 B9AF7FA5
T 0F936 1 5 0F954 00000016 0000001E 00000011 0000001D 0000001C 00000015 00000004 00000015 003E1968 003E4000 003E02D8 003E02B4 003E0864 003E1BC6 003E4FE8 02D3FF63
T 0F936 1 10 0F966 00000016 0000001E 00000011 0000001D 0000001C 00000015 00000004 00000000 003E1968 003E4000 003E02D8 003E02B4 003E0864 003E1BC6 003E4FE8 F089BB64
T 0F936 1 20 0F984 00000018 0000001E 00000003 0000001D 0000001C 00000015 00000002 00000000 003E3F40 003E4000 003E0018 003E02B4 003E0864 003E1BC6 003E4FE8 F089BB64
T 0FBC6 0 1 0FBCC 0000A106 0000EB73 000092B1 00000A30 0000D37A 0000D352 0000F100 000057EF 003E4217 003E4299 003E41A3 003E41A3 003E4042 003E4361 003E5200 44BDDDB4
T 0FBC6 0 2 0FBD0 0000A106 0000EB73 000092B1 00000A30 0000D37A 0000D352 0000F100 000057EF 003E4217 003E4299 003E41A3 003E41A3 003E4042 003E4361 003E5200 44BDDDB4
T 0FBC6 0 3 0FBD2 0000A106 0000EB73 000092B1 00000A30 0000D37A 0000D352 0000F100 000057EF 003E4FEC 003E4299 003E41A3 003E41A3 003E4042 003E4361 003E5200 44BDDDB4
T 0FBC6 0 5 0FBDA 0000A156 0000EB73 000092B1 00000A30 0000D37A 0000D352 0000F100 000057EF 003EF142 003E4299 003E41A3 003E41A3 003E4042 003E4361 003E5200 44BDDDB4
T 0FBC6 0 10 3E6000 00000006 0000EB73 000092B1 00000A30 0000D37A 0000D352 0000F100 000057EF 003EF142 003E4299 003E41A3 003E41A3 003E4042 003E4361 003E5200 44BDDDB4
T 0FBC6 0 20 3E6000 00000006 0000EB73 000092B1 00000A30 0000D37A 0000D352 0000F100 000057EF 003EF142 003E4299 003E41A3 003E41A3 003E4042 003E4361 003E5200 44BDDDB4
T 0FBC6 1 1 0FBCC 00000006 00000013 00000011 00000010 0000001A 00000012 00000000 0000000F 003E1BC6 003E0864 003E4000 003E4000 003E1BC6 003E0F48 003E5200 44BDDDB4
T 0FBC6 1 2 0FBD0 00000006 00000013 00000011 00000010 0000001A 00000012 00000000 0000000F 003E1BC6 003E0864 003E4000 003E4000 003E1BC6 003E0F48 003E5200 44BDDDB4
T 0FBC6 1 3 0FBD2 00000006 00000013 00000011 00000010 0000001A 00000012 00000000 0000000F 003E4FEC 003E0864 003E4000 003E4000 003E1BC6 003E0F48 003E5200 44BDDDB4
T 0FBC6 1 5 0FBDA 00000056 00000013 00000011 00000010 0000001A 00000012 00000000 0000000F 003E5042 003E0864 003E4000 003E4000 003E1BC6 003E0F48 003E5200 44BDDDB4
T 0FBC6 1 10 3E6000 00000006 00000013 00000011 00000010 0000001A 00000012 00000000 0000000F 003E5042 003E0864 003E4000 003E4000 003E1BC6 003E0F48 003E5200 E315C574
T 0FBC6 1 20 3E6000 00000006 00000013 00000011 00000010 0000001A 00000012 00000000 0000000F 003E5042 003E0864 003E4000 003E4000 003E1BC6 003E0F48 003E5200 E315C574
T 130B0 0 1 130B4 00001D8D 000050D3 00000C28 00005413 0000B168 000013B6 00005448 0000179D 003E4330 003E42A1 003E434A 003E40E6 003E4103 003E4249 003E5200 7999F3F7
T 130B0 0 2 130B8 00001D8D 000050D3 00000C28 00005413 0000B168 000013B6 00005448 0000179D 003E4330 003E42A1 003E434A 003E40E6 003E4103 003E4249 003E5200 7999F3F7
T 130B0 0 3 130BC 00001D8D 000050D3 00000C28 00005413 0000B168 000013B6 00005448 0000179D 003E4330 003E42A1 003E434A 003E40E6 003E4103 00000069 003E5200 7999F3F7
T 130B0 0 5 18652 00001D8D 000050D3 00000C28 00005413 0000B168 000013B6 00005448 0000179D 003E4330 003E42A1 003E434A 003E40E6 003E4103 00000069 003E5200 D5357560
T 130B0 0 10 1E8D6 00001D8D 000050D3 00000C28 00005413 0000B168 000013B6 00005448 0000179D 003E4330 003E42A1 003E434A 003E40E6 003E4103 00000069 003E5200 4AB73A81
T 130B0 0 20 1E8D6 00001D8D 000050D3 00000C28 00005413 0000B168 000013B6 00005448 0000179D 003E4330 003E42A1 003E434A 003E40E6 003E4103 00000069 003E5200 4AB73A81
T 130B0 1 1 130B4 0000000D 00000013 00000008 00000013 00000008 00000016 00000008 0000001D 003E0F48 003E1968 003E1CF6 003E4000 003E0864 003E0F48 003E5200 ACBB7DBB
T 130B0 1 2 130B8 0000000D 00000013 00000008 00000013 00000008 00000016 00000008 0000001D 003E0F48 003E1968 003E1CF6 003E4000 003E0864 003E0F48 003E5200 ACBB7DBB
T 130B0 1 3 130BC 0000000D 00000013 00000008 00000013 00000008 00000016 00000008 0000001D 003E0F48 003E1968 003E1CF6 003E4000 003E0864 00000069 003E5200 ACBB7DBB
T 130B0 1 5 18652 0000000D 00000013 00000008 00000013 00000008 00000016 00000008 0000001D 003E0F48 003E1968 003E1CF6 003E4000 003E0864 00000069 003E5200 0856FF24
T 130B0 1 10 1E8D6 0000000D 00000013 00000008 00000013 00000008 00000016 00000008 0000001D 003E0F48 003E1968 003E1CF6 003E4000 003E0864 00000069 003E5200 7DD8C445
T 130B0 1 20 1E8D6 0000000D 00000013 00000008 00000013 00000008 00000016 00000008 0000001D 003E0F48 003E1968 003E1CF6 003E4000 003E0864 00000069 003E5200 7DD8C445
T 141D4 0 1 141D8 0000783E 0000264C 00006D67 0000E9E7 0000BDB5 0000A7E9 0000DCEC 0000D608 003E407F 003E417C 003E4366 003E4192 003E4347 003E4346 003E5200 E48BEEBA
T 141D4 0 2 141DE 0000783E 0000264C 00006D67 0000E9E7 0000BDB5 0000A7E9 0000DCEC 0000D608 003E407F 003E417C 003E4366 003E4192 003E4347 003E4346 003E5200 E48BEEBA
T 141D4 0 3 141E4 0000783E 0000264C 00006D67 0000E9E7 0000BDB5 0000A7E9 0000DCEC 0000D608 003E407F 003E417C 003E4366 003E4192 003E4347 003E4346 003E5200 E48BEEBA
T 141D4 0 5 141E8 0000783E 0000264C 00000002 00000000 0000BDB5 0000A7E9 0000DCEC 0000D608 003E407F 003E417C 003E4366 003E4192 003E4347 003E4346 003E5200 E48BEEBA
T 141D4 0 10 1477A 0000783E 00000002 00000002 00000000 0000BDB5 0000A7E9 0000DCEC 0000D608 003E407F 003E417C 003E4366 003E4192 003E4347 003E4346 003E5200 17127C0A
T 141D4 0 20 1479E 00005083 00000002 00000002 00000000 0000BDB5 00005083 0000DCEC 0000D608 0001D616 003E34CC 003E4366 003E4192 003E4347 003E4346 003E5200 17127C0A
T 141D4 1 1 141D8 0000001E 0000000C 00000007 00000007 00000015 00000009 0000000C 00000008 003E1968 003E1CF6 003E1CF6 003E1BC6 003E4000 003E02D8 003E5200 E8ECFE90
T 141D4 1 2 141DE 0000001E 0000000C 00000007 00000007 00000015 00000009 0000000C 00000008 003E1968 003E1CF6 003E1CF6 003E1BC6 003E4000 003E02D8 003E5200 E8ECFE90
T 141D4 1 3 141E4 0000001E 0000000C 00000007 00000007 00000015 00000009 0000000C 00000008 003E1968 003E1CF6 003E1CF6 003E1BC6 003E4000 003E02D8 003E5200 E8ECFE90
T 141D4 1 5 141E8 0000001E 0000000C 00000002 00000000 00000015 00000009 0000000C 00000008 003E1968 003E1CF6 003E1CF6 003E1BC6 003E4000 003E02D8 003E5200 E8ECFE90
T 141D4 1 10 1477A 0000001E 00000002 00000002 00000000 00000015 00000009 0000000C 00000008 003E1968 003E1CF6 003E1CF6 003E1BC6 003E4000 003E02D8 003E5200 FF9B36C4
T 141D4 1 20 1479E 00005083 00000002 00000002 00000000 00000015 00005083 0000000C 00000008 0001D616 003E34CC 003E1CF6 003E1BC6 003E4000 003E02D8 003E5200 FF9B36C4
T 18544 0 1 18564 0000C421 00006A4F 0000232C 0000F3D2 0000E82D 0000C6AD 00000F55 00008C9B 003E4253 003E4216 003E422B 003E4013 003E4358 003E4096 003E5200 4839A850
T 18544 0 2 18652 0000C421 00006A4F 0000232C 0000F3D2 0000E82D 0000C6AD 00000F55 00008C9B 003E4253 003E4216 003E422B 003E4013 003E4358 003E4096 003E5200 682D2B16
T 18544 0 3 19C2E 0000C421 00006A4F 0000232C 0000F3D2 0000E82D 0000C6AD 00000F55 00008C9B 003E4253 003E4216 003E422B 003E4013 003E4358 003E4096 003E5200 20486929
T 18544 0 5 1E8D2 0000C421 00006A4F 0000232C 0000F3D2 0000E82D 0000C6AD 00000F55 00008C9B 003E4253 003E4216 003E422B 003E4013 003E4358 003E4096 003E5200 8040CEB7
T 18544 0 10 1E8D6 0000C421 00006A4F 0000232C 0000F3D2 0000E82D 0000C6AD 00000F55 00008C9B 003E4253 003E4216 003E422B 003E4013 003E4358 003E4096 003E5200 8040CEB7
T 18544 0 20 1E8D6 0000C421 00006A4F 0000232C 0000F3D2 0000E82D 0000C6AD 00000F55 00008C9B 003E4253 003E4216 003E422B 003E4013 003E4358 003E4096 003E5200 8040CEB7
T 18544 1 1 18564 00000001 0000000F 0000000C 00000012 0000000D 0000000D 00000015 0000001B 003E0864 003E1CF6 003E1CF6 003E02D8 003E1CF6 003E1BC6 003E5200 1B35B285
T 18544 1 2 18652 00000001 0000000F 0000000C 00000012 0000000D 0000000D 00000015 0000001B 003E0864 003E1CF6 003E1CF6 003E02D8 003E1CF6 003E1BC6 003E5200 3B29354B
T 18544 1 3 19C2E 00000001 0000000F 0000000C 00000012 0000000D 0000000D 00000015 0000001B 003E0864 003E1CF6 003E1CF6 003E02D8 003E1CF6 003E1BC6 003E5200 F344735E
T 18544 1 5 1E8D2 00000001 0000000F 0000000C 00000012 0000000D 0000000D 00000015 0000001B 003E0864 003E1CF6 003E1CF6 003E02D8 003E1CF6 003E1BC6 003E5200 533CD8EC
T 18544 1 10 1E8D6 00000001 0000000F 0000000C 00000012 0000000D 0000000D 00000015 0000001B 003E0864 003E1CF6 003E1CF6 003E02D8 003E1CF6 003E1BC6 003E5200 533CD8EC
T 18544 1 20 1E8D6 00000001 0000000F 0000000C 00000012 0000000D 0000000D 00000015 0000001B 003E0864 003E1CF6 003E1CF6 003E02D8 003E1CF6 003E1BC6 003E5200 533CD8EC
T 18CAA 0 1 18CAE 0000B8D0 00001BCF 0000FF41 00007792 00000294 0000288B 00003225 0000A32F 003E4138 4BF9B35E 003E436A 003E4327 003E42AA 003E40BE 003E5200 6EB9F06B
T 18CAA 0 2 18CB2 0000B8D0 00001BCF 0000FF41 00007792 00000294 0000288B 00003225 0000A32F 003E4138 4BF9B35E 003E436A 003E4327 003E42AA 003E40BE 003E5200 6EB9F06B
T 18CAA 0 3 18CCA 0000B8D0 00001BCF 0000FF41 00007792 00000294 0000288B 00003225 0000A32F 003E4138 4BF9B35E 003E436A 003E4327 003E42AA 003E40BE 003E5200 6EB9F06B
T 18CAA 0 5 3E6000 00000000 00001BCF 0000FF41 00007792 00000294 0000288B 00003225 0000A32F 003E4138 4BF9B35E 003E436A 003E4327 003E42AA 003E40BE 003E5200 6EB9F06B
T 18CAA 0 10 3E6000 00000000 00001BCF 0000FF41 00007792 00000294 0000288B 00003225 0000A32F 003E4138 4BF9B35E 003E436A 003E4327 003E42AA 003E40BE 003E5200 6EB9F06B
T 18CAA 0 20 3E6000 00000000 00001BCF 0000FF41 00007792 00000294 0000288B 00003225 0000A32F 003E4138 4BF9B35E 003E436A 003E4327 003E42AA 003E40BE 003E5200 6EB9F06B
T 18CAA 1 1 18CAE 00000010 0000000F 00000001 00000012 00000014 0000000B 00000005 0000000F 003E0F48 00000000 003E4000 003E1CF6 003E1BC6 003E1968 003E5200 6EB9F06B
T 18CAA 1 2 18CB2 00000010 0000000F 00000001 00000012 00000014 0000000B 00000005 0000000F 003E0F48 00000000 003E4000 003E1CF6 003E1BC6 003E1968 003E5200 6EB9F06B
T 18CAA 1 3 18CCA 00000010 0000000F 00000001 00000012 00000014 0000000B 00000005 0000000F 003E0F48 00000000 003E4000 003E1CF6 003E1BC6 003E1968 003E5200 6EB9F06B
T 18CAA 1 5 3E6000 00000000 0000000F 00000001 00000012 00000014 0000000B 00000005 0000000F 003E0F48 00000000 003E4000 003E1CF6 003E1BC6 003E1968 003E5200 6EB9F06B
T 18CAA 1 10 3E6000 00000000 0000000F 00000001 00000012 00000014 0000000B 00000005 0000000F 003E0F48 00000000 003E4000 003E1CF6 003E1BC6 003E1968 003E5200 6EB9F06B
T 18CAA 1 20 3E6000 00000000 0000000F 00000001 00000012 00000014 0000000B 00000005 0000000F 003E0F48 00000000 003E4000 003E1CF6 003E1BC6 003E1968 003E5200 6EB9F06B
T 19C3C 0 1 19C40 0000DC2A 0000DBC6 0000AD6D 000073B3 0000FBA2 0000C749 0000E05E 00000CC5 003E4302 003E408A 003E42AD 003E4130 003E410B 003E4199 003E5200 BD53889A
T 19C3C 0 2 19C46 0000DC2A 0000DBC6 0000AD6D 000073B3 0000FBA2 0000C749 0000E05E 00000CC5 006C0000 003E408A 003E42AD 003E4130 003E410B 003E4199 003E5200 BD53889A
T 19C3C 0 3 19C4C 0000DC2A 0000DBC6 0000AD6D 000073B3 0000FBA2 0000C749 0000E05E 00000CC5 006C0000 003E367C 003E42AD 003E4130 003E410B 003E4199 003E5200 BD53889A
T 19C3C 0 5 19C74 0000DC2A 0000DBC6 0000AD6D 000073B3 0000FBA2 0000C749 0000E05E 00000CC5 006C0000 003E367C 003E42AD 003E4130 003E410B 003E4199 003E5200 0286850D
T 19C3C 0 10 19C8C 0000DCFF 0000DBC6 0000AD6D 00007300 0000FBA2 0000C749 0000E05E 00000CC5 006C0000 003E367C 003E42AD 003E4130 003E410B 003E4199 003E5200 0286850D
T 19C3C 0 20 19CBA 0000DCFF 0000DBC6 0000AD6D 00007300 0000FBA2 0000C749 0000E05E 00000CC5 006C0000 003E367C 003E42AD 003E4130 003E410B 003E4199 003E5200 0286850D
T 19C3C 1 1 19C40 0000000A 00000006 0000000D 00000013 00000002 00000009 0000001E 00000005 003E0864 003E02D8 003E4000 003E1BC6 003E1968 003E1BC6 003E5200 8E6D363A
T 19C3C 1 2 19C46 0000000A 00000006 0000000D 00000013 00000002 00000009 0000001E 00000005 006C0000 003E02D8 003E4000 003E1BC6 003E1968 003E1BC6 003E5200 8E6D363A
T 19C3C 1 3 19C4C 0000000A 00000006 0000000D 00000013 00000002 00000009 0000001E 00000005 006C0000 003E367C 003E4000 003E1BC6 003E1968 003E1BC6 003E5200 8E6D363A
T 19C3C 1 5 19C74 0000000A 00000006 0000000D 00000013 00000002 00000009 0000001E 00000005 006C0000 003E367C 003E4000 003E1BC6 003E1968 003E1BC6 003E5200 D3A032AD
T 19C3C 1 10 19C8C 000000FF 00000006 0000000D 00000000 00000002 00000009 0000001E 00000005 006C0000 003E367C 003E4000 003E1BC6 003E1968 003E1BC6 003E5200 D3A032AD
T 19C3C 1 20 19CBA 000000FF 00000006 0000000D 00000000 00000002 00000009 0000001E 00000005 006C0000 003E367C 003E4000 003E1BC6 003E1968 003E1BC6 003E5200 D3A032AD
T 1E7B8 0 1 1E7BA 000000D3 0000E77D 00007C03 00008C5A 000030A0 0000C75A 0000B2F1 000002CF 003E4094 003E411C 003E42AB 003E4073 003E4008 003E41D5 003E5200 640109DE
T 1E7B8 0 2 1E7BC 00007CD6 0000E77D 00007C03 00008C5A 000030A0 0000C75A 0000B2F1 000002CF 003E4094 003E411C 003E42AB 003E4073 003E4008 003E41D5 003E5200 640109DE
T 1E7B8 0 3 1E7BE 00007CD6 0000E77D 00007C03 00008C70 000030A0 0000C75A 0000B2F1 000002CF 003E4095 003E411C 003E42AB 003E4073 003E4008 003E41D5 003E5200 640109DE
T 1E7B8 0 5 1E7C2 00007CD6 0000E77D 00007C03 00000873 000030A0 0000C75A 0000B2F1 000002CF 003E4095 003E411D 003E42AB 003E4073 003E4008 003E41D5 003E5200 702E3060
T 1E7B8 0 10 1E7C2 00007CD6 0000E77C 00007C03 00000873 0000309E 0000C75A 0000B2F1 000002CF 003E4095 003E411F 003E42AB 003E4073 003E4008 003E41D5 003E5200 EA5F11F3
T 1E7B8 0 20 1E7C2 00007CD6 0000E77A 00007C03 00000873 0000309A 0000C75A 0000B2F1 000002CF 003E4095 003E4123 003E42AB 003E4073 003E4008 003E41D5 003E5200 783D8811
T 1E7B8 1 1 1E7BA 00000007 0000001D 00000003 0000001A 00000000 0000001A 00000011 0000000F 003E0865 003E0F48 003E0F48 003E1BC6 003E1968 003E0864 003E5200 640109DE
T 1E7B8 1 2 1E7BC 0000000A 0000001D 00000003 0000001A 00000000 0000001A 00000011 0000000F 003E0865 003E0F48 003E0F48 003E1BC6 003E1968 003E0864 003E5200 640109DE
T 1E7B8 1 3 1E7BE 0000000A 0000001D 00000003 00000007 00000000 0000001A 00000011 0000000F 003E0866 003E0F48 003E0F48 003E1BC6 003E1968 003E0864 003E5200 640109DE
T 1E7B8 1 5 1E7C2 0000000A 0000001D 00000003 0000000A 00000000 0000001A 00000011 0000000F 003E0866 003E0F49 003E0F48 003E1BC6 003E1968 003E0864 003E5200 640109DE
T 1E7B8 1 10 1E7DC 0000000A 0000001D 00000003 0000000A 00000006 0000001A 00000011 0000000F 003E0866 003E1142 003E0F48 003E1BC6 003E1968 003E0864 003E5200 640109DE
T 1E7B8 1 20 1E7DC 0000000A 0000001B 00000003 0000000A 00000002 0000001A 00000011 0000000F 003E0866 003E1146 003E0F48 003E1BC6 003E1968 003E0864 003E5200 640109DE
done 324
